Running build hooks...Running build hooks...00:00 +0: loading test/services/backup_file_test.dart
00:00 +0: a restore over a newer local version is a new version, history kept
WARNING (drift): It looks like you've created the database class FhirAntDb multiple times. When these two databases use the same QueryExecutor, race conditions will occur and might corrupt the database. 
Try to follow the advice at https://drift.simonbinder.eu/faq/#using-the-database or, if you know what you're doing, set driftRuntimeOptions.dontWarnAboutMultipleDatabases = true
Here is the stacktrace from when the database was opened a second time:
#0      GeneratedDatabase._handleInstantiated (package:drift/src/runtime/api/db_base.dart:96:30)
#1      GeneratedDatabase._whenConstructed (package:drift/src/runtime/api/db_base.dart:73:12)
#2      new GeneratedDatabase (package:drift/src/runtime/api/db_base.dart:64:5)
#3      new _$FhirDb (package:fhir_db/src/fhir_db.g.dart:6605:31)
#4      new FhirDb (package:fhir_db/src/fhir_db.dart)
#5      new FhirDb (package:fhir_r4_db/src/fhir_db.dart:14:21)
#6      new FhirAntDb (package:fhirant_db/db/fhirant_db.dart)
#7      main.<anonymous closure> (file:///home/grey/dev/fhir/fhirant/packages/fhirant_server/test/services/backup_file_test.dart:203:20)
<asynchronous suspension>
#8      Declarer.test.<anonymous closure>.<anonymous closure> (package:test_api/src/backend/declarer.dart:253:15)
<asynchronous suspension>
#9      Declarer.test.<anonymous closure> (package:test_api/src/backend/declarer.dart:250:11)
<asynchronous suspension>
#10     Invoker._waitForOutstandingCallbacks.<anonymous closure> (package:test_api/src/backend/invoker.dart:318:9)
<asynchronous suspension>
This warning will only appear on debug builds.
00:01 +0 -1: a restore over a newer local version is a new version, history kept [E]
  Expected: '4'
    Actual: '1'
     Which: is different.
            Expected: 4
              Actual: 1
                      ^
             Differ at offset 0
  
  package:matcher                            expect
  test/services/backup_file_test.dart 217:5  main.<fn>
  
00:01 +0 -1: Some tests failed.

Failing tests:
  test/services/backup_file_test.dart: a restore over a newer local version is a new version, history kept

Consider enabling the flag chain-stack-traces to receive more detailed exceptions.
For example, 'dart test --chain-stack-traces'.
