Running build hooks...Running build hooks...00:00 +0: loading test/services/websocket_subscriptions_test.dart
00:00 +0: the handshake is exactly what the spec gives bind :id is answered with bound :id
00:00 +1: the handshake is exactly what the spec gives bind without the colon works too
00:00 +2: the handshake is exactly what the spec gives anything that is not bind is ignored, not answered
00:00 +3: the handshake is exactly what the spec gives an id outside the FHIR id grammar is not acknowledged
00:00 +3 -1: the handshake is exactly what the spec gives an id outside the FHIR id grammar is not acknowledged [E]
  Expected: null
    Actual: 'bound not an id'
  
  package:matcher                                       expect
  test/services/websocket_subscriptions_test.dart 80:7  main.<fn>.<fn>
  
00:00 +3 -1: the handshake is exactly what the spec gives a socket may bind maxBindsPerSocket ids, and the same id again
00:00 +3 -2: the handshake is exactly what the spec gives a socket may bind maxBindsPerSocket ids, and the same id again [E]
  Expected: null
    Actual: 'bound s3'
  
  package:matcher                                       expect
  test/services/websocket_subscriptions_test.dart 91:7  main.<fn>.<fn>
  
00:00 +3 -2: the handshake is exactly what the spec gives with an existence check, an unknown id is not acknowledged
00:00 +3 -3: the handshake is exactly what the spec gives with an existence check, an unknown id is not acknowledged [E]
  Expected: null
    Actual: 'bound no'
  
  package:matcher                                        expect
  test/services/websocket_subscriptions_test.dart 102:7  main.<fn>.<fn>
  
00:00 +3 -3: the handshake is exactly what the spec gives ping goes to every socket bound to that subscription
00:00 +4 -3: the handshake is exactly what the spec gives ping to a subscription nobody bound is not an error
00:00 +5 -3: the handshake is exactly what the spec gives a socket that throws is dropped and the others still get the ping
00:00 +6 -3: the handshake is exactly what the spec gives release drops a socket from every subscription it bound
00:00 +7 -3: a websocket Subscription end to end activates with no endpoint, because the client dials in
00:00 +8 -3: a websocket Subscription end to end a matching write pings the bound socket
00:00 +9 -3: a websocket Subscription end to end a bind to a Subscription the store does not hold is not acknowledged
00:00 +9 -4: a websocket Subscription end to end a bind to a Subscription the store does not hold is not acknowledged [E]
  Expected: null
    Actual: 'bound ws1'
  
  package:matcher                                        expect
  test/services/websocket_subscriptions_test.dart 206:7  main.<fn>.<fn>
  
00:00 +9 -4: a websocket Subscription end to end nothing is bound: the write succeeds and nothing is marked in error
00:00 +10 -4: Some tests failed.

Failing tests:
  test/services/websocket_subscriptions_test.dart: a websocket Subscription end to end a bind to a Subscription the store does not hold is not acknowledged
  test/services/websocket_subscriptions_test.dart: the handshake is exactly what the spec gives a socket may bind maxBindsPerSocket ids, and the same id again
  test/services/websocket_subscriptions_test.dart: the handshake is exactly what the spec gives an id outside the FHIR id grammar is not acknowledged
  test/services/websocket_subscriptions_test.dart: the handshake is exactly what the spec gives with an existence check, an unknown id is not acknowledged

Consider enabling the flag chain-stack-traces to receive more detailed exceptions.
For example, 'dart test --chain-stack-traces'.
