Running build hooks...Running build hooks...00:00 +0: loading test/value_set_not_evaluable_test.dart
00:00 +0: :in refuses a ValueSet the store does not hold
00:00 +0 -1: :in refuses a ValueSet the store does not hold [E]
  Expected: throws <Instance of 'ValueSetNotHeld'>
    Actual: <Instance of 'Future<List<String>>'>
     Which: emitted []
  
  package:test_api  OutstandingWork.complete
  
00:00 +0 -1: :in refuses an include of a CodeSystem it does not hold
00:01 +0 -2: :in refuses an include of a CodeSystem it does not hold [E]
  Expected: throws <Instance of 'CodeSystemNotEvaluable'>
    Actual: <Instance of 'Future<List<String>>'>
     Which: emitted []
  
  package:test_api  OutstandingWork.complete
  
00:01 +0 -2: :in refuses an include of a CodeSystem held as not-present
00:01 +0 -3: :in refuses an include of a CodeSystem held as not-present [E]
  Expected: throws <Instance of 'CodeSystemNotEvaluable'>
    Actual: <Instance of 'Future<List<String>>'>
     Which: emitted ['o1']
  
  package:test_api  OutstandingWork.complete
  
00:01 +0 -3: :in refuses an include of a CodeSystem held as example
00:01 +0 -4: :in refuses an include of a CodeSystem held as example [E]
  Expected: throws <Instance of 'CodeSystemNotEvaluable'>
    Actual: <Instance of 'Future<List<String>>'>
     Which: emitted ['o1']
  
  package:test_api  OutstandingWork.complete
  
00:01 +0 -4: :in refuses an include of a CodeSystem held as fragment
00:01 +0 -5: :in refuses an include of a CodeSystem held as fragment [E]
  Expected: throws <Instance of 'CodeSystemNotEvaluable'>
    Actual: <Instance of 'Future<List<String>>'>
     Which: emitted ['o1']
  
  package:test_api  OutstandingWork.complete
  
00:01 +0 -5: :in refuses an include of a version it does not hold
00:01 +0 -6: :in refuses an include of a version it does not hold [E]
  Expected: throws <Instance of 'CodeSystemNotEvaluable'>
    Actual: <Instance of 'Future<List<String>>'>
     Which: emitted ['o1']
  
  package:test_api  OutstandingWork.complete
  
00:01 +0 -6: :not-in refuses a ValueSet the store does not hold
00:01 +0 -7: :not-in refuses a ValueSet the store does not hold [E]
  Expected: throws <Instance of 'ValueSetNotHeld'>
    Actual: <Instance of 'Future<List<String>>'>
     Which: emitted ['o1']
  
  package:test_api  OutstandingWork.complete
  
00:01 +0 -7: :not-in refuses an include of a CodeSystem it does not hold
00:01 +0 -8: :not-in refuses an include of a CodeSystem it does not hold [E]
  Expected: throws <Instance of 'CodeSystemNotEvaluable'>
    Actual: <Instance of 'Future<List<String>>'>
     Which: emitted ['o1']
  
  package:test_api  OutstandingWork.complete
  
00:01 +0 -8: :not-in refuses an include of a CodeSystem held as not-present
00:01 +0 -9: :not-in refuses an include of a CodeSystem held as not-present [E]
  Expected: throws <Instance of 'CodeSystemNotEvaluable'>
    Actual: <Instance of 'Future<List<String>>'>
     Which: emitted []
  
  package:test_api  OutstandingWork.complete
  
00:01 +0 -9: :not-in refuses an include of a CodeSystem held as example
00:01 +0 -10: :not-in refuses an include of a CodeSystem held as example [E]
  Expected: throws <Instance of 'CodeSystemNotEvaluable'>
    Actual: <Instance of 'Future<List<String>>'>
     Which: emitted []
  
  package:test_api  OutstandingWork.complete
  
00:01 +0 -10: :not-in refuses an include of a CodeSystem held as fragment
00:01 +0 -11: :not-in refuses an include of a CodeSystem held as fragment [E]
  Expected: throws <Instance of 'CodeSystemNotEvaluable'>
    Actual: <Instance of 'Future<List<String>>'>
     Which: emitted []
  
  package:test_api  OutstandingWork.complete
  
00:01 +0 -11: :not-in refuses an include of a version it does not hold
00:01 +0 -12: :not-in refuses an include of a version it does not hold [E]
  Expected: throws <Instance of 'CodeSystemNotEvaluable'>
    Actual: <Instance of 'Future<List<String>>'>
     Which: emitted []
  
  package:test_api  OutstandingWork.complete
  
00:01 +0 -12: every refusal is a ValueSetRefusal with a message and an issue code
00:01 +0 -13: every refusal is a ValueSetRefusal with a message and an issue code [E]
  not refused
  package:matcher                               fail
  test/value_set_not_evaluable_test.dart 125:7  main.<fn>
  
00:01 +0 -13: a complete CodeSystem it holds is expanded, of the version asked for
00:01 +1 -13: an enumerated include needs no CodeSystem: the list is the answer
00:01 +2 -13: expandValueSet gives system, code and display, excludes applied
00:01 +3 -13: Some tests failed.

Failing tests:
  test/value_set_not_evaluable_test.dart: :in refuses a ValueSet the store does not hold
  test/value_set_not_evaluable_test.dart: :in refuses an include of a CodeSystem held as example
  test/value_set_not_evaluable_test.dart: :in refuses an include of a CodeSystem held as fragment
  test/value_set_not_evaluable_test.dart: :in refuses an include of a CodeSystem held as not-present
  ... and 9 more

Consider enabling the flag chain-stack-traces to receive more detailed exceptions.
For example, 'dart test --chain-stack-traces'.
