Running build hooks...Running build hooks...00:00 +0: loading test/integration/terminology_not_held_test.dart
00:00 +0: T1: a ValueSet that includes all of a CodeSystem not held $expand is an error, not an empty expansion
00:01 +0 -1: T1: a ValueSet that includes all of a CodeSystem not held $expand is an error, not an empty expansion [E]
  Expected: <422>
    Actual: <200>
  {"resourceType":"ValueSet","id":"vs","meta":{"versionId":"1","lastUpdated":"2026-09-17T21:33:08.690700Z"},"url":"http://example.org/ValueSet/all-loinc","status":"active","compose":{"include":[{"system":"http://loinc.org"}]},"expansion":{"timestamp":"2026-09-17T17:33:09.253450-04:00","total":0}}
  
  package:matcher                                        expect
  test/integration/terminology_not_held_test.dart 74:5   main.refusal
  ===== asynchronous gap ===========================
  test/integration/terminology_not_held_test.dart 119:9  main.<fn>.<fn>
  
00:01 +0 -1: T1: a ValueSet that includes all of a CodeSystem not held ValueSet/$validate-code is an error, not result=false
00:01 +0 -2: T1: a ValueSet that includes all of a CodeSystem not held ValueSet/$validate-code is an error, not result=false [E]
  Expected: <422>
    Actual: <200>
  {"resourceType":"Parameters","parameter":[{"name":"result","valueBoolean":false},{"name":"message","valueString":"Code \"8867-4\" not found in ValueSet http://example.org/ValueSet/all-loinc"}]}
  
  package:matcher                                        expect
  test/integration/terminology_not_held_test.dart 74:5   main.refusal
  ===== asynchronous gap ===========================
  test/integration/terminology_not_held_test.dart 136:9  main.<fn>.<fn>
  
00:01 +0 -2: T1: a ValueSet that includes all of a CodeSystem not held :in and :not-in are errors, not nothing and everything
00:01 +0 -3: T1: a ValueSet that includes all of a CodeSystem not held :in and :not-in are errors, not nothing and everything [E]
  Expected: <400>
    Actual: <200>
  {"resourceType":"Bundle","type":"searchset","total":0,"link":[{"relation":"self","url":"http://localhost:8080/Observation?code%3Ain=http%3A%2F%2Fexample.org%2FValueSet%2Fall-loinc"}]}
  
  package:matcher                                         expect
  test/integration/terminology_not_held_test.dart 74:5    main.refusal
  ===== asynchronous gap ===========================
  test/integration/terminology_not_held_test.dart 150:11  main.<fn>.<fn>
  
00:01 +0 -3: :in a ValueSet the server does not hold is an error
00:01 +0 -3: T1: a ValueSet that includes all of a CodeSystem not held $expand is an error, not an empty expansion
Error in saveResources: Bad state: Can't re-open a database after closing it. Please create a new database connection and open that instead.
00:01 +0 -4: :in a ValueSet the server does not hold is an error [E]
  Expected: <400>
    Actual: <200>
  {"resourceType":"Bundle","type":"searchset","total":0,"link":[{"relation":"self","url":"http://localhost:8080/Observation?code%3Ain=http%3A%2F%2Fexample.org%2Fnone"}]}
  
  package:matcher                                        expect
  test/integration/terminology_not_held_test.dart 74:5   main.refusal
  ===== asynchronous gap ===========================
  test/integration/terminology_not_held_test.dart 169:9  main.<fn>
  
00:01 +0 -4: CodeSystem/$validate-code of a system not held is an error
00:01 +0 -5: CodeSystem/$validate-code of a system not held is an error [E]
  Expected: <404>
    Actual: <200>
  {"resourceType":"Parameters","parameter":[{"name":"result","valueBoolean":false},{"name":"message","valueString":"CodeSystem not found: http://loinc.org"}]}
  
  package:matcher                                        expect
  test/integration/terminology_not_held_test.dart 74:5   main.refusal
  ===== asynchronous gap ===========================
  test/integration/terminology_not_held_test.dart 186:7  main.<fn>
  
00:01 +0 -5: T1: a ValueSet that includes all of a CodeSystem not held ValueSet/$validate-code is an error, not result=false
Error in saveResources: Bad state: Can't re-open a database after closing it. Please create a new database connection and open that instead.
00:01 +0 -5: ValueSet/$validate-code of a url not held is an error
00:01 +0 -6: ValueSet/$validate-code of a url not held is an error [E]
  Expected: <404>
    Actual: <200>
  {"resourceType":"Parameters","parameter":[{"name":"result","valueBoolean":false},{"name":"message","valueString":"ValueSet not found: http://example.org/none"}]}
  
  package:matcher                                        expect
  test/integration/terminology_not_held_test.dart 74:5   main.refusal
  ===== asynchronous gap ===========================
  test/integration/terminology_not_held_test.dart 199:7  main.<fn>
  
00:01 +0 -6: a CodeSystem held as a fragment a code it lists is valid
00:01 +1 -6: T1: a ValueSet that includes all of a CodeSystem not held :in and :not-in are errors, not nothing and everything
Error in saveResources: Bad state: Can't re-open a database after closing it. Please create a new database connection and open that instead.
00:01 +1 -6: a CodeSystem held as a fragment a code it does not list cannot be called invalid
00:01 +1 -7: a CodeSystem held as a fragment a code it does not list cannot be called invalid [E]
  Expected: <422>
    Actual: <200>
  {"resourceType":"Parameters","parameter":[{"name":"result","valueBoolean":false},{"name":"message","valueString":"Code \"8480-6\" not found in CodeSystem http://loinc.org"}]}
  
  package:matcher                                        expect
  test/integration/terminology_not_held_test.dart 74:5   main.refusal
  ===== asynchronous gap ===========================
  test/integration/terminology_not_held_test.dart 242:9  main.<fn>.<fn>
  
00:01 +1 -7: a CodeSystem held as a fragment a ValueSet including all of it does not $expand
00:01 +1 -8: a CodeSystem held as a fragment a ValueSet including all of it does not $expand [E]
  Expected: <422>
    Actual: <200>
  {"resourceType":"ValueSet","id":"vs","meta":{"versionId":"1","lastUpdated":"2026-09-17T21:33:09.821959Z"},"url":"http://example.org/ValueSet/all-loinc","status":"active","compose":{"include":[{"system":"http://loinc.org"}]},"expansion":{"timestamp":"2026-09-17T17:33:09.840055-04:00","total":1,"contains":[{"system":"http://loinc.org","code":"8867-4","display":"Heart rate"}]}}
  
  package:matcher                                        expect
  test/integration/terminology_not_held_test.dart 74:5   main.refusal
  ===== asynchronous gap ===========================
  test/integration/terminology_not_held_test.dart 262:9  main.<fn>.<fn>
  
00:01 +1 -8: T2: compose.exclude $expand and $validate-code agree on the excluded code
00:01 +1 -8: :in a ValueSet the server does not hold is an error
Error in saveResources: Bad state: Can't re-open a database after closing it. Please create a new database connection and open that instead.
00:01 +1 -9: T2: compose.exclude $expand and $validate-code agree on the excluded code [E]
  Expected: false
    Actual: <true>
  
  package:matcher                                        expect
  test/integration/terminology_not_held_test.dart 321:7  main.<fn>.<fn>
  
00:01 +1 -9: CodeSystem/$validate-code of a system not held is an error
Error in saveResources: Bad state: Can't re-open a database after closing it. Please create a new database connection and open that instead.
00:01 +1 -9: ValueSet/$validate-code of a url not held is an error
Error in saveResources: Bad state: Can't re-open a database after closing it. Please create a new database connection and open that instead.
00:01 +1 -9: Some tests failed.

Failing tests:
  test/integration/terminology_not_held_test.dart: :in a ValueSet the server does not hold is an error
  test/integration/terminology_not_held_test.dart: CodeSystem/$validate-code of a system not held is an error
  test/integration/terminology_not_held_test.dart: T1: a ValueSet that includes all of a CodeSystem not held $expand is an error, not an empty expansion
  test/integration/terminology_not_held_test.dart: T1: a ValueSet that includes all of a CodeSystem not held :in and :not-in are errors, not nothing and everything
  ... and 5 more

Consider enabling the flag chain-stack-traces to receive more detailed exceptions.
For example, 'dart test --chain-stack-traces'.
