Running build hooks...Running build hooks...00:00 +0: loading test/value_set_not_evaluable_test.dart
00:00 +0: test/value_set_not_evaluable_test.dart: :in refuses a ValueSet the store does not hold
00:00 +1: test/value_set_not_evaluable_test.dart: :in refuses a ValueSet the store does not hold
00:00 +2: test/value_set_not_evaluable_test.dart: :in refuses a ValueSet the store does not hold
00:00 +3: test/value_set_not_evaluable_test.dart: :in refuses a ValueSet the store does not hold
00:00 +4: test/value_set_not_evaluable_test.dart: :in refuses a ValueSet the store does not hold
00:00 +5: test/value_set_not_evaluable_test.dart: :in refuses a ValueSet the store does not hold
00:00 +6: test/value_set_not_evaluable_test.dart: :in refuses a ValueSet the store does not hold
00:00 +7: test/value_set_not_evaluable_test.dart: :in refuses a ValueSet the store does not hold
00:00 +8: test/value_set_not_evaluable_test.dart: :in refuses a ValueSet the store does not hold
00:00 +9: test/value_set_not_evaluable_test.dart: :in refuses a ValueSet the store does not hold
00:00 +10: test/value_set_not_evaluable_test.dart: :in refuses a ValueSet the store does not hold
00:00 +11: test/value_set_not_evaluable_test.dart: :in refuses a ValueSet the store does not hold
00:00 +12: test/value_set_not_evaluable_test.dart: :in refuses a ValueSet the store does not hold
00:00 +13: test/value_set_not_evaluable_test.dart: :in refuses a ValueSet the store does not hold
00:00 +14: test/value_set_not_evaluable_test.dart: :in refuses a ValueSet the store does not hold
00:00 +15: test/value_set_not_evaluable_test.dart: :in refuses a ValueSet the store does not hold
00:00 +16: test/value_set_not_evaluable_test.dart: :in refuses a ValueSet the store does not hold
00:00 +17: test/value_set_not_evaluable_test.dart: :in refuses a ValueSet the store does not hold
00:00 +18: test/value_set_not_evaluable_test.dart: :in refuses a ValueSet the store does not hold
00:00 +19: test/value_set_not_evaluable_test.dart: :in refuses a ValueSet the store does not hold
00:00 +20: test/date_range_test.dart: open bounds are stored as the sentinels, never NULL
00:00 +21: test/date_range_test.dart: open bounds are stored as the sentinels, never NULL
00:00 +22: test/date_range_test.dart: open bounds are stored as the sentinels, never NULL
00:00 +23: test/date_range_test.dart: open bounds are stored as the sentinels, never NULL
00:00 +24: test/date_range_test.dart: open bounds are stored as the sentinels, never NULL
00:00 +25: test/hygiene_test.dart: :in refuses a compose with include.filter
00:00 +26: test/hygiene_test.dart: :in refuses a compose with include.filter
00:00 +27: test/hygiene_test.dart: :in refuses a compose with include.filter
00:00 +28: test/hygiene_test.dart: :in refuses a compose with include.filter
00:00 +29: test/reference_targets_test.dart: follows the search parameter, not the element name
00:00 +30: test/reference_targets_test.dart: follows the search parameter, not the element name
00:00 +31: test/reference_targets_test.dart: follows the search parameter, not the element name
00:00 +32: test/reference_targets_test.dart: follows the search parameter, not the element name
00:00 +33: test/reference_targets_test.dart: follows the search parameter, not the element name
00:00 +34: test/reference_targets_test.dart: follows the search parameter, not the element name
00:00 +35: test/reference_targets_test.dart: follows the search parameter, not the element name
00:00 +36: test/reference_targets_test.dart: follows the search parameter, not the element name
00:00 +37: test/reference_targets_test.dart: follows the search parameter, not the element name
00:00 +38: test/search_compartment_test.dart: every parameter the definition names puts a resource in
00:00 +39: test/search_compartment_test.dart: every parameter the definition names puts a resource in
00:00 +40: test/search_compartment_test.dart: every parameter the definition names puts a resource in
00:00 +41: test/search_compartment_test.dart: every parameter the definition names puts a resource in
00:00 +42: test/search_compartment_test.dart: every parameter the definition names puts a resource in
00:00 +43: test/search_compartment_test.dart: every parameter the definition names puts a resource in
00:00 +44: test/search_compartment_test.dart: every parameter the definition names puts a resource in
00:00 +45: test/search_compartment_test.dart: every parameter the definition names puts a resource in
00:00 +46: test/search_compartment_test.dart: every parameter the definition names puts a resource in
00:00 +47: test/search_compartment_test.dart: every parameter the definition names puts a resource in
00:00 +48: test/search_compartment_test.dart: every parameter the definition names puts a resource in
00:00 +49: test/search_compartment_test.dart: every parameter the definition names puts a resource in
00:00 +50: test/search_compartment_test.dart: every parameter the definition names puts a resource in
00:00 +51: test/search_compartment_test.dart: every parameter the definition names puts a resource in
00:01 +52: test/custom_search_parameter_test.dart: a saved SearchParameter indexes every later save by its expression
00:01 +53: test/custom_search_parameter_test.dart: a saved SearchParameter indexes every later save by its expression
00:01 +54: test/custom_search_parameter_test.dart: a saved SearchParameter indexes every later save by its expression
00:01 +55: test/custom_search_parameter_test.dart: a saved SearchParameter indexes every later save by its expression
00:01 +56: test/custom_search_parameter_test.dart: a saved SearchParameter indexes every later save by its expression
00:01 +57: test/search_and_or_test.dart: a known positive, so an empty result below means the join
00:01 +58: test/search_paged_in_sql_test.dart: one token parameter pages in SQL and pages stably
00:01 +59: test/search_paged_in_sql_test.dart: one token parameter pages in SQL and pages stably
00:01 +60: test/search_paged_in_sql_test.dart: one token parameter pages in SQL and pages stably
00:01 +61: test/search_paged_in_sql_test.dart: one token parameter pages in SQL and pages stably
00:01 +62: test/search_paged_in_sql_test.dart: one token parameter pages in SQL and pages stably
00:01 +63: test/search_paged_in_sql_test.dart: one token parameter pages in SQL and pages stably
00:01 +64: test/search_paged_in_sql_test.dart: one token parameter pages in SQL and pages stably
00:01 +65: test/search_paged_in_sql_test.dart: one token parameter pages in SQL and pages stably
00:01 +66: test/search_paged_in_sql_test.dart: one token parameter pages in SQL and pages stably
00:01 +67: test/search_paged_in_sql_test.dart: one token parameter pages in SQL and pages stably
00:01 +68: test/search_paged_in_sql_test.dart: one token parameter pages in SQL and pages stably
00:01 +69: test/search_paged_in_sql_test.dart: one token parameter pages in SQL and pages stably
00:01 +70: test/search_paged_in_sql_test.dart: one token parameter pages in SQL and pages stably
00:01 +71: test/search_paged_in_sql_test.dart: one token parameter pages in SQL and pages stably
00:01 +72: test/search_paged_in_sql_test.dart: one token parameter pages in SQL and pages stably
00:01 +73: test/search_paged_in_sql_test.dart: one token parameter pages in SQL and pages stably
00:01 +74: test/search_paged_in_sql_test.dart: one token parameter pages in SQL and pages stably
00:01 +75: test/search_paged_in_sql_test.dart: one token parameter pages in SQL and pages stably
00:01 +76: test/search_paged_in_sql_test.dart: one token parameter pages in SQL and pages stably
00:01 +77: test/reference_targets_test.dart: more ids than one statement holds
00:01 +78: test/reference_targets_test.dart: more ids than one statement holds
00:01 +79: test/reference_targets_test.dart: more ids than one statement holds
00:01 +80: test/reference_targets_test.dart: more ids than one statement holds
00:01 +81: test/reference_targets_test.dart: more ids than one statement holds
00:01 +82: test/reference_targets_test.dart: more ids than one statement holds
00:01 +83: test/reference_targets_test.dart: more ids than one statement holds
00:01 +84: test/reference_targets_test.dart: more ids than one statement holds
00:01 +85: test/reference_targets_test.dart: more ids than one statement holds
00:01 +86: test/reference_targets_test.dart: more ids than one statement holds
00:01 +87: test/reference_targets_test.dart: more ids than one statement holds
00:01 +88: test/reference_targets_test.dart: more ids than one statement holds
00:01 +89: test/reference_targets_test.dart: more ids than one statement holds
00:01 +90: test/reference_targets_test.dart: more ids than one statement holds
00:01 +91: test/reference_targets_test.dart: more ids than one statement holds
00:01 +92: test/reference_targets_test.dart: more ids than one statement holds
00:01 +93: test/reference_targets_test.dart: more ids than one statement holds
00:01 +94: test/reference_targets_test.dart: more ids than one statement holds
00:01 +95: test/reference_targets_test.dart: more ids than one statement holds
00:01 +96: test/reference_targets_test.dart: more ids than one statement holds
00:01 +97: test/reference_targets_test.dart: more ids than one statement holds
00:01 +98: test/reference_targets_test.dart: more ids than one statement holds
00:01 +99: test/reference_targets_test.dart: more ids than one statement holds
00:01 +100: test/reference_targets_test.dart: more ids than one statement holds
00:01 +101: test/reference_targets_test.dart: more ids than one statement holds
00:01 +102: test/reference_targets_test.dart: more ids than one statement holds
00:01 +103: test/reference_targets_test.dart: more ids than one statement holds
00:01 +104: test/reference_targets_test.dart: more ids than one statement holds
00:01 +105: test/reference_targets_test.dart: more ids than one statement holds
00:01 +106: test/reference_targets_test.dart: more ids than one statement holds
00:01 +107: test/reference_targets_test.dart: more ids than one statement holds
00:01 +108: test/reference_targets_test.dart: more ids than one statement holds
00:01 +109: test/reference_targets_test.dart: more ids than one statement holds
00:01 +110: test/reference_targets_test.dart: more ids than one statement holds
00:01 +111: test/reference_targets_test.dart: more ids than one statement holds
00:01 +112: test/reference_targets_test.dart: more ids than one statement holds
00:01 +113: test/reference_targets_test.dart: more ids than one statement holds
00:01 +114: test/reference_targets_test.dart: more ids than one statement holds
00:01 +115: test/reference_targets_test.dart: more ids than one statement holds
00:01 +116: test/reference_targets_test.dart: more ids than one statement holds
00:01 +117: test/reference_targets_test.dart: more ids than one statement holds
00:01 +118: test/reference_targets_test.dart: more ids than one statement holds
00:01 +119: test/reference_targets_test.dart: more ids than one statement holds
00:01 +120: test/reference_targets_test.dart: more ids than one statement holds
00:01 +121: test/reference_targets_test.dart: more ids than one statement holds
00:01 +122: test/reference_targets_test.dart: more ids than one statement holds
00:01 +123: test/reference_targets_test.dart: more ids than one statement holds
00:01 +124: test/reference_targets_test.dart: more ids than one statement holds
00:01 +125: test/reference_targets_test.dart: more ids than one statement holds
00:01 +126: test/reference_targets_test.dart: more ids than one statement holds
00:01 +127: test/reference_targets_test.dart: more ids than one statement holds
00:01 +128: test/reference_targets_test.dart: more ids than one statement holds
00:01 +129: test/reference_targets_test.dart: more ids than one statement holds
00:01 +130: test/reference_targets_test.dart: more ids than one statement holds
00:01 +131: test/reference_targets_test.dart: more ids than one statement holds
00:01 +132: test/reference_targets_test.dart: more ids than one statement holds
00:01 +133: test/reference_targets_test.dart: more ids than one statement holds
00:01 +134: test/reference_targets_test.dart: more ids than one statement holds
00:01 +135: test/reference_targets_test.dart: more ids than one statement holds
00:01 +136: test/reference_targets_test.dart: more ids than one statement holds
00:01 +137: test/reference_targets_test.dart: more ids than one statement holds
00:01 +138: test/reference_targets_test.dart: more ids than one statement holds
00:02 +139: test/reference_targets_test.dart: more ids than one statement holds
00:02 +140: test/reference_targets_test.dart: more ids than one statement holds
00:02 +141: test/reference_targets_test.dart: more ids than one statement holds
00:02 +142: test/reference_targets_test.dart: more ids than one statement holds
00:02 +143: test/reference_targets_test.dart: more ids than one statement holds
00:02 +144: test/reference_targets_test.dart: more ids than one statement holds
00:02 +145: test/reference_targets_test.dart: more ids than one statement holds
00:02 +146: test/reference_targets_test.dart: more ids than one statement holds
00:02 +147: test/reference_targets_test.dart: more ids than one statement holds
00:02 +148: test/reference_targets_test.dart: more ids than one statement holds
00:02 +149: test/reference_targets_test.dart: more ids than one statement holds
00:02 +150: test/reference_targets_test.dart: more ids than one statement holds
00:02 +151: test/reference_targets_test.dart: more ids than one statement holds
00:02 +152: test/reference_targets_test.dart: more ids than one statement holds
00:02 +153: test/reference_targets_test.dart: more ids than one statement holds
00:02 +154: test/reference_targets_test.dart: more ids than one statement holds
00:02 +155: test/reference_targets_test.dart: more ids than one statement holds
00:02 +156: test/reference_targets_test.dart: more ids than one statement holds
00:02 +157: test/reference_targets_test.dart: more ids than one statement holds
00:02 +158: test/reference_targets_test.dart: more ids than one statement holds
00:02 +159: test/reference_targets_test.dart: more ids than one statement holds
00:02 +160: test/reference_targets_test.dart: more ids than one statement holds
00:02 +161: test/reference_targets_test.dart: more ids than one statement holds
00:02 +162: test/reference_targets_test.dart: more ids than one statement holds
00:02 +163: test/reference_targets_test.dart: more ids than one statement holds
00:02 +164: test/reference_targets_test.dart: more ids than one statement holds
00:02 +165: test/reference_targets_test.dart: more ids than one statement holds
00:02 +166: test/reference_targets_test.dart: more ids than one statement holds
00:02 +167: test/reference_targets_test.dart: more ids than one statement holds
00:02 +168: test/reference_targets_test.dart: more ids than one statement holds
00:02 +169: test/reference_targets_test.dart: more ids than one statement holds
00:02 +170: test/reference_targets_test.dart: more ids than one statement holds
00:02 +171: test/reference_targets_test.dart: more ids than one statement holds
00:02 +172: test/reference_targets_test.dart: more ids than one statement holds
00:02 +173: test/reference_targets_test.dart: more ids than one statement holds
00:02 +174: test/reference_targets_test.dart: more ids than one statement holds
00:02 +175: test/reference_targets_test.dart: more ids than one statement holds
00:02 +176: test/reference_targets_test.dart: more ids than one statement holds
00:02 +177: test/reference_targets_test.dart: more ids than one statement holds
00:02 +178: test/reference_targets_test.dart: more ids than one statement holds
00:02 +179: test/reference_targets_test.dart: more ids than one statement holds
00:02 +180: test/reference_targets_test.dart: more ids than one statement holds
00:02 +181: test/reference_targets_test.dart: more ids than one statement holds
00:02 +182: test/reference_targets_test.dart: more ids than one statement holds
00:02 +183: test/reference_targets_test.dart: more ids than one statement holds
00:02 +184: test/reference_targets_test.dart: more ids than one statement holds
00:02 +185: test/reference_targets_test.dart: more ids than one statement holds
00:02 +186: test/reference_targets_test.dart: more ids than one statement holds
00:02 +187: test/reference_targets_test.dart: more ids than one statement holds
00:02 +188: test/reference_targets_test.dart: more ids than one statement holds
00:02 +189: test/reference_targets_test.dart: more ids than one statement holds
00:02 +190: test/reference_targets_test.dart: more ids than one statement holds
00:02 +191: test/reference_targets_test.dart: more ids than one statement holds
00:02 +192: test/reindex_live_test.dart: a search during a rebuild answers from a whole index
00:02 +193: test/reindex_live_test.dart: a search during a rebuild answers from a whole index
00:02 +194: test/reindex_live_test.dart: a search during a rebuild answers from a whole index
00:02 +195: test/reindex_live_test.dart: a search during a rebuild answers from a whole index
00:02 +196: test/reindex_live_test.dart: a search during a rebuild answers from a whole index
00:03 +197: test/reindex_live_test.dart: a search during a rebuild answers from a whole index
00:03 +198: test/reindex_live_test.dart: a search during a rebuild answers from a whole index
00:03 +199: test/reindex_live_test.dart: a search during a rebuild answers from a whole index
00:03 +200: test/reindex_live_test.dart: a search during a rebuild answers from a whole index
00:03 +201: test/reindex_live_test.dart: a search during a rebuild answers from a whole index
00:03 +202: test/reindex_live_test.dart: a search during a rebuild answers from a whole index
00:03 +203: test/reindex_live_test.dart: a search during a rebuild answers from a whole index
00:03 +204: test/reindex_live_test.dart: a search during a rebuild answers from a whole index
00:03 +205: test/reindex_live_test.dart: a search during a rebuild answers from a whole index
00:03 +206: test/reindex_live_test.dart: a search during a rebuild answers from a whole index
00:03 +207: test/reindex_live_test.dart: a search during a rebuild answers from a whole index
00:03 +208: test/reindex_live_test.dart: a search during a rebuild answers from a whole index
00:03 +209: test/reindex_live_test.dart: a search during a rebuild answers from a whole index
00:03 +210: test/reindex_live_test.dart: a search during a rebuild answers from a whole index
00:03 +211: test/reindex_live_test.dart: a search during a rebuild answers from a whole index
00:03 +212: test/reindex_live_test.dart: a search during a rebuild answers from a whole index
00:03 +213: test/reindex_live_test.dart: a search during a rebuild answers from a whole index
00:03 +214: test/reindex_live_test.dart: a search during a rebuild answers from a whole index
00:03 +215: test/reindex_live_test.dart: a search during a rebuild answers from a whole index
00:03 +216: test/reindex_live_test.dart: a search during a rebuild answers from a whole index
00:03 +217: test/reindex_live_test.dart: a search during a rebuild answers from a whole index
00:03 +218: test/reindex_live_test.dart: a search during a rebuild answers from a whole index
00:03 +219: test/reindex_live_test.dart: a search during a rebuild answers from a whole index
00:03 +220: test/reindex_live_test.dart: a search during a rebuild answers from a whole index
00:03 +221: test/reindex_live_test.dart: a search during a rebuild answers from a whole index
00:03 +222: test/reindex_live_test.dart: a search during a rebuild answers from a whole index
00:03 +223: test/reindex_live_test.dart: a search during a rebuild answers from a whole index
00:03 +224: test/reindex_live_test.dart: a search during a rebuild answers from a whole index
00:03 +225: test/reindex_live_test.dart: a search during a rebuild answers from a whole index
00:03 +226: test/reindex_live_test.dart: a search during a rebuild answers from a whole index
00:03 +227: test/reindex_live_test.dart: a search during a rebuild answers from a whole index
00:03 +228: test/reindex_live_test.dart: a search during a rebuild answers from a whole index
00:03 +229: test/reindex_live_test.dart: a search during a rebuild answers from a whole index
00:03 +230: test/reindex_live_test.dart: a search during a rebuild answers from a whole index
00:03 +231: test/reindex_live_test.dart: a search during a rebuild answers from a whole index
00:03 +232: test/reindex_live_test.dart: a search during a rebuild answers from a whole index
00:03 +233: test/reindex_live_test.dart: a search during a rebuild answers from a whole index
00:03 +234: test/reindex_live_test.dart: a search during a rebuild answers from a whole index
00:03 +235: test/reindex_live_test.dart: a search during a rebuild answers from a whole index
00:03 +236: test/reindex_live_test.dart: a search during a rebuild answers from a whole index
00:03 +237: test/reindex_live_test.dart: a search during a rebuild answers from a whole index
00:03 +238: test/reindex_live_test.dart: a search during a rebuild answers from a whole index
00:03 +239: test/reindex_live_test.dart: a search during a rebuild answers from a whole index
00:03 +240: test/reindex_live_test.dart: a search during a rebuild answers from a whole index
00:03 +241: test/reindex_live_test.dart: a search during a rebuild answers from a whole index
00:03 +242: test/reindex_live_test.dart: a search during a rebuild answers from a whole index
00:03 +243: test/reindex_live_test.dart: a search during a rebuild answers from a whole index
00:03 +244: test/reindex_live_test.dart: a search during a rebuild answers from a whole index
00:03 +245: test/reindex_live_test.dart: a search during a rebuild answers from a whole index
00:03 +246: test/reindex_live_test.dart: a search during a rebuild answers from a whole index
00:03 +247: test/reindex_live_test.dart: a search during a rebuild answers from a whole index
00:03 +248: test/reindex_live_test.dart: a search during a rebuild answers from a whole index
00:03 +249: test/reindex_live_test.dart: a search during a rebuild answers from a whole index
00:03 +250: test/reindex_live_test.dart: a search during a rebuild answers from a whole index
00:03 +251: test/reindex_live_test.dart: a search during a rebuild answers from a whole index
00:03 +252: test/reindex_live_test.dart: a search during a rebuild answers from a whole index
00:04 +253: test/reindex_live_test.dart: a search during a rebuild answers from a whole index
00:04 +254: test/reindex_live_test.dart: a search during a rebuild answers from a whole index
00:04 +255: test/reindex_live_test.dart: a search during a rebuild answers from a whole index
00:04 +256: test/reindex_live_test.dart: a search during a rebuild answers from a whole index
00:04 +257: test/reindex_live_test.dart: a search during a rebuild answers from a whole index
00:04 +258: test/reindex_live_test.dart: a search during a rebuild answers from a whole index
00:04 +259: test/reindex_live_test.dart: a search during a rebuild answers from a whole index
00:04 +260: test/reindex_live_test.dart: a search during a rebuild answers from a whole index
00:04 +261: test/reindex_live_test.dart: a search during a rebuild answers from a whole index
00:04 +262: test/reindex_live_test.dart: a search during a rebuild answers from a whole index
00:04 +263: test/reindex_live_test.dart: a search during a rebuild answers from a whole index
00:04 +264: test/reindex_live_test.dart: a search during a rebuild answers from a whole index
00:04 +265: test/reindex_live_test.dart: a search during a rebuild answers from a whole index
00:04 +266: test/reindex_live_test.dart: a search during a rebuild answers from a whole index
00:04 +267: test/reindex_live_test.dart: a search during a rebuild answers from a whole index
00:04 +268: test/reindex_live_test.dart: a search during a rebuild answers from a whole index
00:04 +269: test/reindex_live_test.dart: a search during a rebuild answers from a whole index
00:04 +270: test/reindex_live_test.dart: a search during a rebuild answers from a whole index
00:04 +271: test/reindex_live_test.dart: a search during a rebuild answers from a whole index
00:04 +272: test/reindex_live_test.dart: a search during a rebuild answers from a whole index
00:04 +273: test/reindex_live_test.dart: a search during a rebuild answers from a whole index
00:04 +274: test/reindex_live_test.dart: a search during a rebuild answers from a whole index
00:04 +275: test/reindex_live_test.dart: a search during a rebuild answers from a whole index
00:04 +276: test/reindex_live_test.dart: a search during a rebuild answers from a whole index
00:04 +277: test/reindex_live_test.dart: a search during a rebuild answers from a whole index
00:04 +278: test/reindex_live_test.dart: a search during a rebuild answers from a whole index
00:04 +279: test/reindex_live_test.dart: a search during a rebuild answers from a whole index
00:04 +280: test/reindex_live_test.dart: a search during a rebuild answers from a whole index
00:04 +281: test/reindex_live_test.dart: a search during a rebuild answers from a whole index
00:04 +282: test/reindex_live_test.dart: a search during a rebuild answers from a whole index
00:04 +283: test/reindex_live_test.dart: a search during a rebuild answers from a whole index
00:04 +283: test/review_integrity_test.dart: saveResources (findings 27, 28) is atomic: an indexing failure stores no resource
Error in saveResources: Bad state: index failed
00:04 +284: test/reindex_live_test.dart: a search during a rebuild answers from a whole index
00:04 +285: test/reindex_live_test.dart: a search during a rebuild answers from a whole index
00:04 +286: test/reindex_live_test.dart: a search during a rebuild answers from a whole index
00:04 +287: test/reindex_live_test.dart: a search during a rebuild answers from a whole index
00:04 +288: test/reindex_live_test.dart: a search during a rebuild answers from a whole index
00:04 +289: test/reindex_live_test.dart: a search during a rebuild answers from a whole index
00:04 +290: test/reindex_live_test.dart: a search during a rebuild answers from a whole index
00:05 +291: test/reindex_live_test.dart: a search during a rebuild answers from a whole index
00:05 +292: test/reindex_live_test.dart: a search during a rebuild answers from a whole index
00:05 +293: test/reindex_live_test.dart: a search during a rebuild answers from a whole index
00:05 +294: test/reindex_live_test.dart: a search during a rebuild answers from a whole index
00:05 +295: test/reindex_live_test.dart: a search during a rebuild answers from a whole index
00:05 +296: test/reindex_live_test.dart: a search during a rebuild answers from a whole index
00:05 +297: test/reindex_live_test.dart: a search during a rebuild answers from a whole index
00:05 +298: test/reindex_live_test.dart: a search during a rebuild answers from a whole index
00:05 +299: test/reindex_live_test.dart: a search during a rebuild answers from a whole index
00:05 +300: test/reindex_live_test.dart: a search during a rebuild answers from a whole index
00:05 +301: test/reindex_live_test.dart: a search during a rebuild answers from a whole index
00:05 +302: test/reindex_live_test.dart: a search during a rebuild answers from a whole index
00:05 +303: test/reindex_live_test.dart: a search during a rebuild answers from a whole index
00:05 +304: test/reindex_live_test.dart: a search during a rebuild answers from a whole index
00:05 +305: test/reindex_live_test.dart: a search during a rebuild answers from a whole index
00:05 +306: test/reindex_live_test.dart: a search during a rebuild answers from a whole index
00:05 +307: test/reindex_live_test.dart: a search during a rebuild answers from a whole index
00:05 +308: test/reindex_live_test.dart: a search during a rebuild answers from a whole index
00:05 +309: test/reindex_live_test.dart: a search during a rebuild answers from a whole index
00:05 +310: test/reindex_live_test.dart: a search during a rebuild answers from a whole index
00:05 +311: test/reindex_live_test.dart: a search during a rebuild answers from a whole index
00:05 +312: test/reindex_live_test.dart: a search during a rebuild answers from a whole index
00:05 +313: test/reindex_live_test.dart: a search during a rebuild answers from a whole index
00:05 +314: test/reindex_live_test.dart: a search during a rebuild answers from a whole index
00:05 +315: test/reindex_live_test.dart: a search during a rebuild answers from a whole index
00:05 +316: test/reindex_live_test.dart: a search during a rebuild answers from a whole index
00:05 +317: test/reindex_live_test.dart: a search during a rebuild answers from a whole index
00:05 +318: test/reindex_live_test.dart: a search during a rebuild answers from a whole index
00:05 +319: test/reindex_live_test.dart: a search during a rebuild answers from a whole index
00:05 +320: test/reindex_live_test.dart: a search during a rebuild answers from a whole index
00:05 +321: test/reindex_live_test.dart: a search during a rebuild answers from a whole index
00:05 +322: test/reindex_live_test.dart: a search during a rebuild answers from a whole index
00:05 +323: test/reindex_live_test.dart: a search during a rebuild answers from a whole index
00:05 +324: test/reindex_live_test.dart: a search during a rebuild answers from a whole index
00:05 +325: test/reindex_live_test.dart: a search during a rebuild answers from a whole index
00:05 +326: test/reindex_live_test.dart: a search during a rebuild answers from a whole index
00:05 +327: test/reindex_live_test.dart: a search during a rebuild answers from a whole index
00:05 +328: test/reindex_live_test.dart: a search during a rebuild answers from a whole index
00:05 +329: test/reindex_live_test.dart: a search during a rebuild answers from a whole index
00:05 +330: test/reindex_live_test.dart: a search during a rebuild answers from a whole index
00:05 +331: test/reindex_live_test.dart: a search during a rebuild answers from a whole index
00:05 +332: test/reindex_live_test.dart: a search during a rebuild answers from a whole index
00:05 +333: test/reindex_live_test.dart: a search during a rebuild answers from a whole index
00:05 +334: test/reindex_live_test.dart: a search during a rebuild answers from a whole index
00:05 +335: test/reindex_live_test.dart: a search during a rebuild answers from a whole index
00:05 +336: test/reindex_live_test.dart: a search during a rebuild answers from a whole index
00:05 +337: test/reindex_live_test.dart: a search during a rebuild answers from a whole index
00:05 +338: test/reindex_live_test.dart: a search during a rebuild answers from a whole index
00:05 +339: test/reindex_live_test.dart: a search during a rebuild answers from a whole index
00:05 +340: test/reindex_live_test.dart: a search during a rebuild answers from a whole index
00:05 +341: test/reindex_live_test.dart: a search during a rebuild answers from a whole index
00:05 +342: test/reindex_live_test.dart: a search during a rebuild answers from a whole index
00:05 +343: test/reindex_live_test.dart: a search during a rebuild answers from a whole index
00:05 +344: test/reindex_live_test.dart: a search during a rebuild answers from a whole index
00:05 +345: test/reindex_live_test.dart: a search during a rebuild answers from a whole index
00:05 +346: test/reindex_live_test.dart: a search during a rebuild answers from a whole index
00:05 +347: test/reindex_live_test.dart: a search during a rebuild answers from a whole index
00:05 +348: test/reindex_live_test.dart: a search during a rebuild answers from a whole index
00:05 +349: test/reindex_live_test.dart: a search during a rebuild answers from a whole index
00:05 +350: test/reindex_live_test.dart: a search during a rebuild answers from a whole index
00:05 +351: test/reindex_live_test.dart: a search during a rebuild answers from a whole index
00:05 +352: test/reindex_live_test.dart: a search during a rebuild answers from a whole index
00:05 +353: test/reindex_live_test.dart: a search during a rebuild answers from a whole index
00:05 +354: test/reindex_live_test.dart: a search during a rebuild answers from a whole index
00:05 +355: test/reindex_live_test.dart: a search during a rebuild answers from a whole index
00:05 +356: test/reindex_live_test.dart: a search during a rebuild answers from a whole index
00:05 +357: test/reindex_live_test.dart: a search during a rebuild answers from a whole index
00:05 +358: test/reindex_live_test.dart: a search during a rebuild answers from a whole index
00:05 +359: test/reindex_live_test.dart: a search during a rebuild answers from a whole index
00:05 +360: test/reindex_live_test.dart: a search during a rebuild answers from a whole index
00:05 +361: test/reindex_live_test.dart: a search during a rebuild answers from a whole index
00:05 +362: test/reindex_live_test.dart: a search during a rebuild answers from a whole index
00:05 +363: test/reindex_live_test.dart: a search during a rebuild answers from a whole index
00:05 +364: test/reindex_live_test.dart: a search during a rebuild answers from a whole index
00:05 +365: test/reindex_live_test.dart: a search during a rebuild answers from a whole index
00:05 +366: test/reindex_live_test.dart: a search during a rebuild answers from a whole index
00:05 +367: test/reindex_live_test.dart: a search during a rebuild answers from a whole index
00:05 +368: test/reindex_live_test.dart: a search during a rebuild answers from a whole index
00:05 +369: test/reindex_live_test.dart: a search during a rebuild answers from a whole index
00:05 +370: test/reindex_live_test.dart: a search during a rebuild answers from a whole index
00:05 +371: test/reindex_live_test.dart: a search during a rebuild answers from a whole index
00:05 +372: test/reindex_live_test.dart: a search during a rebuild answers from a whole index
00:05 +373: test/reindex_live_test.dart: a search during a rebuild answers from a whole index
00:06 +374: test/reindex_live_test.dart: a search during a rebuild answers from a whole index
00:06 +375: test/reindex_live_test.dart: a search during a rebuild answers from a whole index
00:06 +376: test/reindex_live_test.dart: a search during a rebuild answers from a whole index
00:06 +377: test/reindex_live_test.dart: a search during a rebuild answers from a whole index
00:06 +378: test/reindex_live_test.dart: a search during a rebuild answers from a whole index
00:06 +379: test/reindex_live_test.dart: a search during a rebuild answers from a whole index
00:06 +380: test/reindex_live_test.dart: a search during a rebuild answers from a whole index
00:06 +381: test/reindex_live_test.dart: a search during a rebuild answers from a whole index
00:06 +382: test/reindex_live_test.dart: a search during a rebuild answers from a whole index
00:06 +383: test/reindex_live_test.dart: a search during a rebuild answers from a whole index
00:06 +384: test/reindex_live_test.dart: a search during a rebuild answers from a whole index
00:06 +385: test/reindex_live_test.dart: a search during a rebuild answers from a whole index
00:06 +386: test/reindex_live_test.dart: a search during a rebuild answers from a whole index
00:06 +387: test/reindex_live_test.dart: a search during a rebuild answers from a whole index
00:06 +388: test/date_zone_independence_test.dart: a zone-less date matches the same under every zone
00:06 +389: test/date_zone_independence_test.dart: a zone-less date matches the same under every zone
00:06 +390: test/date_zone_independence_test.dart: a zone-less date matches the same under every zone
00:06 +391: test/date_zone_independence_test.dart: a zone-less date matches the same under every zone
00:06 +392: test/date_zone_independence_test.dart: a zone-less date matches the same under every zone
00:06 +393: test/date_zone_independence_test.dart: a zone-less date matches the same under every zone
00:06 +394: test/date_zone_independence_test.dart: a zone-less date matches the same under every zone
00:06 +395: test/date_zone_independence_test.dart: a zone-less date matches the same under every zone
00:06 +396: test/date_zone_independence_test.dart: a zone-less date matches the same under every zone
00:06 +397: test/date_zone_independence_test.dart: a zone-less date matches the same under every zone
00:06 +398: test/date_zone_independence_test.dart: a zone-less date matches the same under every zone
00:06 +399: test/date_zone_independence_test.dart: a zone-less date matches the same under every zone
00:06 +400: test/date_zone_independence_test.dart: a zone-less date matches the same under every zone
00:06 +401: test/date_zone_independence_test.dart: a zone-less date matches the same under every zone
00:06 +402: test/date_zone_independence_test.dart: a zone-less date matches the same under every zone
00:06 +403: test/date_zone_independence_test.dart: a zone-less date matches the same under every zone
00:06 +404: test/date_zone_independence_test.dart: a zone-less date matches the same under every zone
00:06 +405: test/date_zone_independence_test.dart: a zone-less date matches the same under every zone
00:06 +406: test/date_zone_independence_test.dart: a zone-less date matches the same under every zone
00:06 +406: test/indexing_failure_test.dart: saveResources reports a failed bulk index as false
Error in saveResources: Bad state: index is broken
00:06 +407: test/date_zone_independence_test.dart: a zone-less date matches the same under every zone
00:07 +408: test/date_zone_independence_test.dart: a zone-less date matches the same under every zone
00:07 +409: test/date_zone_independence_test.dart: a zone-less date matches the same under every zone
00:07 +410: test/date_zone_independence_test.dart: a zone-less date matches the same under every zone
00:07 +411: test/date_zone_independence_test.dart: a zone-less date matches the same under every zone
00:07 +412: test/date_zone_independence_test.dart: a zone-less date matches the same under every zone
00:07 +413: test/date_zone_independence_test.dart: a zone-less date matches the same under every zone
00:07 +414: test/date_zone_independence_test.dart: a zone-less date matches the same under every zone
00:07 +415: test/date_zone_independence_test.dart: a zone-less date matches the same under every zone
00:07 +416: test/date_zone_independence_test.dart: a zone-less date matches the same under every zone
00:07 +417: test/date_zone_independence_test.dart: a zone-less date matches the same under every zone
00:07 +418: test/date_zone_independence_test.dart: a zone-less date matches the same under every zone
00:07 +419: test/date_zone_independence_test.dart: a zone-less date matches the same under every zone
00:07 +420: test/date_zone_independence_test.dart: a zone-less date matches the same under every zone
00:07 +421: test/date_zone_independence_test.dart: a zone-less date matches the same under every zone
00:07 +422: test/date_zone_independence_test.dart: a zone-less date matches the same under every zone
00:07 +422: test/fhir_db_test.dart: (setUpAll)
Database initialized
00:07 +422: test/date_zone_independence_test.dart: a zone-less date matches the same under every zone
00:07 +423: test/date_zone_independence_test.dart: a zone-less date matches the same under every zone
00:07 +424: test/date_zone_independence_test.dart: a zone-less date matches the same under every zone
00:07 +425: test/date_zone_independence_test.dart: a zone-less date matches the same under every zone
00:07 +426: test/date_zone_independence_test.dart: a zone-less date matches the same under every zone
00:07 +427: test/date_zone_independence_test.dart: a zone-less date matches the same under every zone
00:07 +428: test/date_zone_independence_test.dart: a zone-less date matches the same under every zone
00:07 +429: test/date_zone_independence_test.dart: a zone-less date matches the same under every zone
00:07 +430: test/date_zone_independence_test.dart: a zone-less date matches the same under every zone
00:07 +431: test/date_zone_independence_test.dart: a zone-less date matches the same under every zone
00:07 +432: test/date_zone_independence_test.dart: a zone-less date matches the same under every zone
00:07 +433: test/date_zone_independence_test.dart: a zone-less date matches the same under every zone
00:07 +434: test/date_zone_independence_test.dart: a zone-less date matches the same under every zone
00:07 +435: test/date_zone_independence_test.dart: a zone-less date matches the same under every zone
00:07 +436: test/date_zone_independence_test.dart: a zone-less date matches the same under every zone
00:07 +437: test/date_zone_independence_test.dart: a zone-less date matches the same under every zone
00:07 +438: test/date_zone_independence_test.dart: a zone-less date matches the same under every zone
00:07 +439: test/date_zone_independence_test.dart: a zone-less date matches the same under every zone
00:07 +440: test/date_zone_independence_test.dart: a zone-less date matches the same under every zone
00:07 +441: test/date_zone_independence_test.dart: a zone-less date matches the same under every zone
00:07 +442: test/date_zone_independence_test.dart: a zone-less date matches the same under every zone
00:07 +443: test/date_zone_independence_test.dart: a zone-less date matches the same under every zone
00:07 +444: test/date_zone_independence_test.dart: a zone-less date matches the same under every zone
00:07 +445: test/date_zone_independence_test.dart: a zone-less date matches the same under every zone
00:07 +446: test/date_zone_independence_test.dart: a zone-less date matches the same under every zone
00:07 +447: test/date_zone_independence_test.dart: a zone-less date matches the same under every zone
00:07 +448: test/date_zone_independence_test.dart: a zone-less date matches the same under every zone
00:07 +449: test/date_zone_independence_test.dart: a zone-less date matches the same under every zone
00:07 +450: test/date_zone_independence_test.dart: a zone-less date matches the same under every zone
00:07 +451: test/date_zone_independence_test.dart: a zone-less date matches the same under every zone
00:07 +452: test/date_zone_independence_test.dart: a zone-less date matches the same under every zone
00:07 +453: test/date_zone_independence_test.dart: a zone-less date matches the same under every zone
00:07 +453: test/fhir_db_test.dart: Encrypted Database: CRUD with cipherSetup()
WARNING (drift): It looks like you've created the database class FhirDb multiple times. When these two databases use the same QueryExecutor, race conditions will occur and might corrupt the database. 
Try to follow the advice at https://drift.simonbinder.eu/faq/#using-the-database or, if you know what you're doing, set driftRuntimeOptions.dontWarnAboutMultipleDatabases = true
Here is the stacktrace from when the database was opened a second time:
#0      GeneratedDatabase._handleInstantiated (package:drift/src/runtime/api/db_base.dart:96:30)
#1      GeneratedDatabase._whenConstructed (package:drift/src/runtime/api/db_base.dart:73:12)
#2      new GeneratedDatabase (package:drift/src/runtime/api/db_base.dart:64:5)
#3      new _$FhirDb (package:fhir_db/src/fhir_db.g.dart:6605:31)
#4      new FhirDb (package:fhir_db/src/fhir_db.dart)
#5      new FhirDb (package:fhir_r4_db/src/fhir_db.dart:14:21)
#6      main.<anonymous closure>.<anonymous closure> (file:///home/grey/dev/fhir/fhir_r4/packages/fhir_r4_db/test/fhir_db_test.dart:255:21)
#7      Declarer.test.<anonymous closure>.<anonymous closure> (package:test_api/src/backend/declarer.dart:253:25)
<asynchronous suspension>
#8      Declarer.test.<anonymous closure> (package:test_api/src/backend/declarer.dart:250:11)
<asynchronous suspension>
#9      Invoker._waitForOutstandingCallbacks.<anonymous closure> (package:test_api/src/backend/invoker.dart:318:9)
<asynchronous suspension>
This warning will only appear on debug builds.
00:08 +454: test/date_zone_independence_test.dart: a zone-less date matches the same under every zone
00:08 +455: test/date_zone_independence_test.dart: a zone-less date matches the same under every zone
00:09 +456: test/date_zone_independence_test.dart: a zone-less date matches the same under every zone
00:09 +457: test/date_zone_independence_test.dart: a zone-less date matches the same under every zone
00:09 +457: test/fhir_db_test.dart: More Complicated Searching (& Resources)
Found 10 resources in total of 21 ms
00:09 +458: test/date_zone_independence_test.dart: a zone-less date matches the same under every zone
00:09 +459: test/date_zone_independence_test.dart: a zone-less date matches the same under every zone
00:10 +460: test/date_zone_independence_test.dart: a zone-less date matches the same under every zone
00:10 +461: test/date_zone_independence_test.dart: a zone-less date matches the same under every zone
00:10 +462: test/date_zone_independence_test.dart: a zone-less date matches the same under every zone
00:12 +463: test/date_zone_independence_test.dart: a zone-less date matches the same under every zone
00:12 +464: test/date_zone_independence_test.dart: a zone-less date matches the same under every zone
00:14 +465: test/date_zone_independence_test.dart: a zone-less date matches the same under every zone
00:15 +466: test/date_zone_independence_test.dart: a zone-less date matches the same under every zone
00:15 +467: test/date_zone_independence_test.dart: a zone-less date matches the same under every zone
00:15 +468: test/date_zone_independence_test.dart: a zone-less date matches the same under every zone
00:16 +469: test/date_zone_independence_test.dart: a zone-less date matches the same under every zone
00:18 +470: test/date_zone_independence_test.dart: a zone-less date matches the same under every zone
00:19 +471: test/date_zone_independence_test.dart: a zone-less date matches the same under every zone
00:20 +472: test/date_zone_independence_test.dart: a zone-less date matches the same under every zone
00:21 +473: test/date_zone_independence_test.dart: a zone-less date matches the same under every zone
00:22 +474: test/date_zone_independence_test.dart: a zone-less date matches the same under every zone
00:23 +475: test/date_zone_independence_test.dart: a zone-less date matches the same under every zone
00:46 +476: test/date_zone_independence_test.dart: the parser puts a zone-less value on the UTC clock
00:46 +477: All tests passed!
