=== Building Docker image ===
#0 building with "default" instance using docker driver

#1 [internal] load build definition from Dockerfile
#1 transferring dockerfile: 2.03kB done
#1 DONE 0.0s

#2 [internal] load metadata for docker.io/library/dart:stable
#2 DONE 0.4s

#3 [internal] load .dockerignore
#3 transferring context: 1.15kB done
#3 DONE 0.0s

#4 [build 1/8] FROM docker.io/library/dart:stable@sha256:c5a068047d0db9dca63f9fd07ed2b15ec84236a04e62475e994b5793ac762f09
#4 resolve docker.io/library/dart:stable@sha256:c5a068047d0db9dca63f9fd07ed2b15ec84236a04e62475e994b5793ac762f09 0.0s done
#4 DONE 0.0s

#5 [internal] load build context
#5 transferring context: 1.06MB 0.0s done
#5 DONE 0.0s

#6 [build 2/8] RUN apt-get update && apt-get install -y --no-install-recommends clang git &&     rm -rf /var/lib/apt/lists/*
#6 CACHED

#7 [build 3/8] WORKDIR /app
#7 CACHED

#8 [build 4/8] COPY packages/fhirant_logging/ /app/packages/fhirant_logging/
#8 CACHED

#9 [build 5/8] COPY packages/fhirant_db/ /app/packages/fhirant_db/
#9 DONE 0.9s

#10 [build 6/8] COPY packages/fhirant_server/ /app/packages/fhirant_server/
#10 DONE 0.4s

#11 [build 7/8] RUN cd /app/packages/fhirant_server && dart pub get
#11 0.366 Resolving dependencies...
#11 22.41 Downloading packages...
#11 27.46   _fe_analyzer_shared 105.0.0 (108.0.0 available)
#11 27.46   analyzer 14.1.0 (14.4.0 available)
#11 27.46   archive 4.2.0 (4.3.0 available)
#11 27.46   clock 1.1.2 (1.1.3 available)
#11 27.46   code_assets 2.0.0 (2.1.0 available)
#11 27.46   drift 2.34.3 (2.35.0 available)
#11 27.46 ! fhir_db 0.14.0 from git https://github.com/fhir-fli/fhir_db.git at 8401ad (overridden)
#11 27.46 ! fhir_path 0.14.2 from git https://github.com/fhir-fli/fhir_path.git at d9b201 (overridden)
#11 27.46 ! fhir_r4 0.12.0 from git https://github.com/fhir-fli/fhir_r4.git at 35964a in packages/fhir_r4 (overridden)
#11 27.46 ! fhir_r4_bulk 0.12.0 from git https://github.com/fhir-fli/fhir_r4.git at 35964a in packages/fhir_r4_bulk (overridden)
#11 27.46 ! fhir_r4_db 0.12.0 from git https://github.com/fhir-fli/fhir_r4.git at 35964a in packages/fhir_r4_db (overridden)
#11 27.46   glob 2.1.3 (2.2.0 available)
#11 27.46   io 1.0.5 (1.1.0 available)
#11 27.46   mime 2.0.0 (2.1.0 available)
#11 27.46   native_toolchain_c 0.19.4 (0.19.5 available)
#11 27.46   platform 3.1.6 (3.2.0 available)
#11 27.46   pool 1.5.2 (1.5.3 available)
#11 27.46   process 5.0.5 (5.0.6 available)
#11 27.46   pub_semver 2.2.0 (2.2.1 available)
#11 27.46   riverpod 3.4.2 (3.4.3 available)
#11 27.46   riverpod_annotation 4.0.6 (4.0.7 available)
#11 27.46   sqlite3 3.5.2 (3.6.0 available)
#11 27.46   stack_trace 1.12.1 (1.12.2 available)
#11 27.46   test 1.31.2 (1.32.0 available)
#11 27.46   test_api 0.7.13 (0.7.14 available)
#11 27.46   test_core 0.6.19 (0.6.20 available)
#11 27.46   very_good_analysis 10.3.0 (11.0.0 available)
#11 27.46   xml 6.6.1 (7.0.1 available)
#11 27.46   xml2json 6.2.7 (6.2.9 available)
#11 27.46   yaml 3.1.3 (3.1.4 available)
#11 27.46 Got dependencies!
#11 27.46 25 packages have newer versions incompatible with dependency constraints.
#11 27.46 Try `dart pub outdated` for more information.
#11 DONE 29.9s

#12 [build 8/8] RUN cd /app/packages/fhirant_server &&     dart build cli -o /app/out
#12 0.739 Running build hooks...Running build hooks...Running link hooks...Running link hooks...Copying 1 build assets:
#12 45.55 package:sqlite3/src/ffi/libsqlite3.g.dart
#12 119.1 Generated: /app/out/bundle/bin/server
#12 DONE 119.2s

#4 [build 1/8] FROM docker.io/library/dart:stable@sha256:c5a068047d0db9dca63f9fd07ed2b15ec84236a04e62475e994b5793ac762f09
#4 CACHED

#13 [stage-1 2/5] COPY --from=build /app/out/bundle/ /app/
#13 DONE 0.1s

#14 [stage-1 3/5] COPY --from=build /app/packages/fhirant_server/assets/fhir_spec/ /app/fhir_spec/
#14 DONE 0.1s

#15 [stage-1 4/5] COPY --from=build /app/packages/fhirant_server/assets/terminology_fixtures/ /app/terminology_fixtures/
#15 DONE 0.1s

#16 [stage-1 5/5] RUN mkdir -p /data && chown -R 1000:1000 /app /data
#16 DONE 0.5s

#17 exporting to image
#17 exporting layers
#17 exporting layers 2.5s done
#17 exporting manifest sha256:ec8b7e3928403538021e3dc53644a43eecbbcf33300f551d2ea5380caf11e2e3 0.1s done
#17 exporting config sha256:bb5a04d517dd451186c50b7fbcd5573afcb7ef1f5b15dacf164f87809a17c129 0.0s done
#17 exporting attestation manifest sha256:e42edb88f3d7477ce4e5ef3525f2ed4d3217d6a6e7b965a38a22acdcae0c4d90
#17 exporting attestation manifest sha256:e42edb88f3d7477ce4e5ef3525f2ed4d3217d6a6e7b965a38a22acdcae0c4d90 0.1s done
#17 exporting manifest list sha256:b7f2a0e30dc20b0582633e8c0d23c56a7e871730f5c89028b4388cd85420a650 0.0s done
#17 naming to docker.io/library/fhirant-test:latest
#17 naming to docker.io/library/fhirant-test:latest done
#17 unpacking to docker.io/library/fhirant-test:latest
#17 unpacking to docker.io/library/fhirant-test:latest 0.5s done
#17 DONE 3.3s

=== Starting container ===
9f70bd6f9652d39afdfa9f457ec1c9b198cea7f20ab4f7d5c10ec6dc6ed3c2ad
=== Waiting for server to be ready ===
  Server ready after 14s

=== Test: GET /metadata ===
  PASS: GET /metadata returns 200 (HTTP 200)
  PASS: Response is a CapabilityStatement

=== Test: Unauthenticated access ===
  PASS: GET /Patient without auth returns 401 (HTTP 401)

=== Test: GET /auth/status (before registration) ===
  PASS: GET /auth/status returns 200 (HTTP 200)
  PASS: firstUser is true before registration
  PASS: the first registration needs the bootstrap token

=== Test: Register first user ===
  PASS: POST /auth/register without the bootstrap token is 403 (HTTP 403)
  PASS: bootstrap token found in the container log
  PASS: POST /auth/register with the bootstrap token returns 201 (HTTP 201)
  PASS: First user gets admin role
  PASS: Register returns a JWT token
  PASS: Register returns a refresh token

=== Test: GET /auth/status (after registration) ===
  PASS: GET /auth/status returns 200 (HTTP 200)
  PASS: firstUser is false after registration

=== Test: Login ===
  PASS: POST /auth/login returns 200 (HTTP 200)
  PASS: Login returned a JWT token

=== Test: Create Patient ===
  PASS: POST /Patient returns 201 (HTTP 201)
  PASS: Response contains Patient resourceType
  PASS: Patient created with ID 19ae6b4d-aea0-4d3b-83b3-9ea8b6df7626

=== Test: Read Patient ===
  PASS: GET /Patient/19ae6b4d-aea0-4d3b-83b3-9ea8b6df7626 returns 200 (HTTP 200)
  PASS: Read returns same patient
  PASS: Patient has correct family name

=== Test: Search Patient ===
  PASS: GET /Patient?name=Docker returns 200 (HTTP 200)
  PASS: Search returns a Bundle
  PASS: Bundle contains our patient

=== Test: Update Patient ===
  PASS: PUT /Patient returns 200 (HTTP 200)
  PASS: Updated patient has new given name

=== Test: Patient history ===
  PASS: GET /Patient/<id>/_history returns 200 (HTTP 200)
  PASS: History returns a Bundle

=== Test: Delete Patient ===
  PASS: DELETE /Patient returns 204 (HTTP 204)

=== Test: Read deleted Patient ===
  PASS: GET deleted patient returns 410 (HTTP 410)

=== Test: Administrator seeded from FHIRANT_ADMIN_USERNAME/PASSWORD ===
  PASS: seeded server has its first user
  PASS: registration on the seeded server needs an administrator (HTTP 403)
  PASS: the seeded administrator logs in (HTTP 200)
  PASS: with the admin role

===============================
  Results: 35 passed, 0 failed
===============================

=== Cleaning up ===
exit=0
