Running build hooks...Running build hooks...00:00 +0: loading test/utils/spec_loader_real_files_test.dart
00:00 +0: search-parameters.ndjson loads whole, as the server
00:00 +0 -1: search-parameters.ndjson loads whole, as the server [E]
  InvalidSearchParameter: SearchParameter.expression is required: the store indexes by evaluating it
  package:fhir_db/src/search/custom_search_parameters.dart 187:7  CustomSearchParameters.parse
  package:fhir_db/src/fhir_dao.dart 131:54                        FhirDao._validateIfSearchParameter
  dart:core                                                       List.forEach
  package:fhir_db/src/fhir_dao.dart 296:19                        FhirDao.saveResources
  ===== asynchronous gap ===========================
  package:fhirant_server/src/utils/spec_loader.dart 211:5         loadSpecLines.save
  ===== asynchronous gap ===========================
  package:fhirant_server/src/utils/spec_loader.dart 225:37        loadSpecLines
  ===== asynchronous gap ===========================
  test/utils/spec_loader_real_files_test.dart 42:30               main.<fn>
  
00:00 +0 -1: a client's upload is still checked
00:00 +1 -1: Some tests failed.

Failing tests:
  test/utils/spec_loader_real_files_test.dart: search-parameters.ndjson loads whole, as the server

Consider enabling the flag chain-stack-traces to receive more detailed exceptions.
For example, 'dart test --chain-stack-traces'.
