Running build hooks...Running build hooks...00:00 +0: loading test/value_set_not_evaluable_test.dart
00:00 +0: test/value_set_not_evaluable_test.dart: :in refuses a ValueSet the store does not hold
00:00 +1: test/value_set_not_evaluable_test.dart: :in refuses a ValueSet the store does not hold
00:00 +2: test/value_set_not_evaluable_test.dart: :in refuses a ValueSet the store does not hold
00:00 +3: test/value_set_not_evaluable_test.dart: :in refuses a ValueSet the store does not hold
00:00 +4: test/value_set_not_evaluable_test.dart: :in refuses a ValueSet the store does not hold
00:00 +5: test/value_set_not_evaluable_test.dart: :in refuses a ValueSet the store does not hold
00:00 +6: test/value_set_not_evaluable_test.dart: :in refuses a ValueSet the store does not hold
00:00 +7: test/value_set_not_evaluable_test.dart: :in refuses a ValueSet the store does not hold
00:00 +8: test/value_set_not_evaluable_test.dart: :in refuses a ValueSet the store does not hold
00:00 +9: test/value_set_not_evaluable_test.dart: :in refuses a ValueSet the store does not hold
00:00 +10: test/value_set_not_evaluable_test.dart: :in refuses a ValueSet the store does not hold
00:00 +11: test/value_set_not_evaluable_test.dart: :in refuses a ValueSet the store does not hold
00:00 +12: test/value_set_not_evaluable_test.dart: :in refuses a ValueSet the store does not hold
00:00 +13: test/value_set_not_evaluable_test.dart: :in refuses a ValueSet the store does not hold
00:00 +14: test/value_set_not_evaluable_test.dart: :in refuses a ValueSet the store does not hold
00:00 +15: test/value_set_not_evaluable_test.dart: :in refuses a ValueSet the store does not hold
00:00 +16: test/value_set_not_evaluable_test.dart: :in refuses a ValueSet the store does not hold
00:00 +17: test/value_set_not_evaluable_test.dart: :in refuses a ValueSet the store does not hold
00:00 +18: test/value_set_not_evaluable_test.dart: :in refuses a ValueSet the store does not hold
00:00 +19: test/value_set_not_evaluable_test.dart: :in refuses a ValueSet the store does not hold
00:01 +20: test/date_range_test.dart: open bounds are stored as the sentinels, never NULL
00:01 +21: test/date_range_test.dart: open bounds are stored as the sentinels, never NULL
00:01 +22: test/date_range_test.dart: open bounds are stored as the sentinels, never NULL
00:01 +23: test/date_range_test.dart: open bounds are stored as the sentinels, never NULL
00:01 +24: test/hygiene_test.dart: :in refuses a compose with include.filter
00:01 +25: test/hygiene_test.dart: :in refuses a compose with include.filter
00:01 +26: test/hygiene_test.dart: :in refuses a compose with include.filter
00:01 +27: test/hygiene_test.dart: :in refuses a compose with include.filter
00:01 +28: test/hygiene_test.dart: :in refuses a compose with include.filter
00:01 +29: test/hygiene_test.dart: :in refuses a compose with include.filter
00:01 +30: test/reference_targets_test.dart: follows the search parameter, not the element name
00:01 +31: test/reference_targets_test.dart: follows the search parameter, not the element name
00:01 +32: test/reference_targets_test.dart: follows the search parameter, not the element name
00:01 +33: test/reference_targets_test.dart: follows the search parameter, not the element name
00:01 +34: test/reference_targets_test.dart: follows the search parameter, not the element name
00:01 +35: test/reference_targets_test.dart: follows the search parameter, not the element name
00:01 +36: test/reference_targets_test.dart: follows the search parameter, not the element name
00:01 +37: test/reference_targets_test.dart: follows the search parameter, not the element name
00:01 +38: test/search_compartment_test.dart: every parameter the definition names puts a resource in
00:01 +39: test/search_compartment_test.dart: every parameter the definition names puts a resource in
00:02 +40: test/search_compartment_test.dart: every parameter the definition names puts a resource in
00:02 +41: test/search_compartment_test.dart: every parameter the definition names puts a resource in
00:02 +42: test/search_compartment_test.dart: every parameter the definition names puts a resource in
00:02 +43: test/search_compartment_test.dart: every parameter the definition names puts a resource in
00:02 +44: test/search_compartment_test.dart: every parameter the definition names puts a resource in
00:02 +45: test/search_compartment_test.dart: every parameter the definition names puts a resource in
00:02 +46: test/search_compartment_test.dart: every parameter the definition names puts a resource in
00:02 +47: test/search_compartment_test.dart: every parameter the definition names puts a resource in
00:02 +48: test/search_compartment_test.dart: every parameter the definition names puts a resource in
00:02 +49: test/search_compartment_test.dart: every parameter the definition names puts a resource in
00:02 +50: test/custom_search_parameter_test.dart: a saved SearchParameter indexes every later save by its expression
00:02 +51: test/custom_search_parameter_test.dart: a saved SearchParameter indexes every later save by its expression
00:02 +52: test/custom_search_parameter_test.dart: a saved SearchParameter indexes every later save by its expression
00:02 +53: test/custom_search_parameter_test.dart: a saved SearchParameter indexes every later save by its expression
00:02 +54: test/custom_search_parameter_test.dart: a saved SearchParameter indexes every later save by its expression
00:02 +55: test/custom_search_parameter_test.dart: a saved SearchParameter indexes every later save by its expression
00:02 +56: test/custom_search_parameter_test.dart: a saved SearchParameter indexes every later save by its expression
00:02 +57: test/custom_search_parameter_test.dart: a saved SearchParameter indexes every later save by its expression
00:02 +58: test/custom_search_parameter_test.dart: a saved SearchParameter indexes every later save by its expression
00:02 +59: test/custom_search_parameter_test.dart: a saved SearchParameter indexes every later save by its expression
00:02 +60: test/search_paged_in_sql_test.dart: one token parameter pages in SQL and pages stably
00:02 +61: test/search_paged_in_sql_test.dart: one token parameter pages in SQL and pages stably
00:02 +62: test/search_paged_in_sql_test.dart: one token parameter pages in SQL and pages stably
00:02 +63: test/search_paged_in_sql_test.dart: one token parameter pages in SQL and pages stably
00:02 +64: test/search_paged_in_sql_test.dart: one token parameter pages in SQL and pages stably
00:02 +65: test/search_paged_in_sql_test.dart: one token parameter pages in SQL and pages stably
00:02 +66: test/search_paged_in_sql_test.dart: one token parameter pages in SQL and pages stably
00:03 +67: test/search_paged_in_sql_test.dart: one token parameter pages in SQL and pages stably
00:03 +68: test/search_paged_in_sql_test.dart: one token parameter pages in SQL and pages stably
00:03 +69: test/search_paged_in_sql_test.dart: one token parameter pages in SQL and pages stably
00:03 +70: test/search_paged_in_sql_test.dart: one token parameter pages in SQL and pages stably
00:03 +71: test/search_paged_in_sql_test.dart: one token parameter pages in SQL and pages stably
00:03 +72: test/search_paged_in_sql_test.dart: one token parameter pages in SQL and pages stably
00:03 +73: test/search_paged_in_sql_test.dart: one token parameter pages in SQL and pages stably
00:03 +74: test/search_paged_in_sql_test.dart: one token parameter pages in SQL and pages stably
00:03 +75: test/search_paged_in_sql_test.dart: one token parameter pages in SQL and pages stably
00:03 +76: test/search_paged_in_sql_test.dart: one token parameter pages in SQL and pages stably
00:03 +77: test/search_paged_in_sql_test.dart: one token parameter pages in SQL and pages stably
00:03 +78: test/search_paged_in_sql_test.dart: one token parameter pages in SQL and pages stably
00:03 +79: test/search_paged_in_sql_test.dart: one token parameter pages in SQL and pages stably
00:03 +80: test/search_paged_in_sql_test.dart: one token parameter pages in SQL and pages stably
00:03 +81: test/search_paged_in_sql_test.dart: one token parameter pages in SQL and pages stably
00:03 +82: test/search_paged_in_sql_test.dart: one token parameter pages in SQL and pages stably
00:03 +83: test/search_paged_in_sql_test.dart: one token parameter pages in SQL and pages stably
00:03 +84: test/search_paged_in_sql_test.dart: one token parameter pages in SQL and pages stably
00:03 +85: test/search_paged_in_sql_test.dart: one token parameter pages in SQL and pages stably
00:03 +86: test/search_paged_in_sql_test.dart: one token parameter pages in SQL and pages stably
00:03 +87: test/search_paged_in_sql_test.dart: one token parameter pages in SQL and pages stably
00:03 +88: test/search_paged_in_sql_test.dart: one token parameter pages in SQL and pages stably
00:03 +89: test/search_paged_in_sql_test.dart: one token parameter pages in SQL and pages stably
00:03 +90: test/search_paged_in_sql_test.dart: one token parameter pages in SQL and pages stably
00:03 +91: test/search_paged_in_sql_test.dart: one token parameter pages in SQL and pages stably
00:03 +92: test/search_paged_in_sql_test.dart: one token parameter pages in SQL and pages stably
00:03 +93: test/search_paged_in_sql_test.dart: one token parameter pages in SQL and pages stably
00:03 +94: test/search_paged_in_sql_test.dart: one token parameter pages in SQL and pages stably
00:03 +95: test/search_paged_in_sql_test.dart: one token parameter pages in SQL and pages stably
00:03 +96: test/search_paged_in_sql_test.dart: one token parameter pages in SQL and pages stably
00:03 +97: test/search_paged_in_sql_test.dart: one token parameter pages in SQL and pages stably
00:03 +98: test/search_paged_in_sql_test.dart: one token parameter pages in SQL and pages stably
00:03 +99: test/search_paged_in_sql_test.dart: one token parameter pages in SQL and pages stably
00:03 +100: test/search_paged_in_sql_test.dart: one token parameter pages in SQL and pages stably
00:03 +101: test/search_paged_in_sql_test.dart: one token parameter pages in SQL and pages stably
00:03 +102: test/search_paged_in_sql_test.dart: one token parameter pages in SQL and pages stably
00:03 +103: test/search_paged_in_sql_test.dart: one token parameter pages in SQL and pages stably
00:03 +104: test/search_paged_in_sql_test.dart: one token parameter pages in SQL and pages stably
00:03 +105: test/search_paged_in_sql_test.dart: one token parameter pages in SQL and pages stably
00:03 +106: test/search_paged_in_sql_test.dart: one token parameter pages in SQL and pages stably
00:03 +107: test/search_paged_in_sql_test.dart: one token parameter pages in SQL and pages stably
00:03 +108: test/search_paged_in_sql_test.dart: one token parameter pages in SQL and pages stably
00:03 +109: test/search_paged_in_sql_test.dart: one token parameter pages in SQL and pages stably
00:03 +110: test/search_paged_in_sql_test.dart: one token parameter pages in SQL and pages stably
00:03 +111: test/search_paged_in_sql_test.dart: one token parameter pages in SQL and pages stably
00:03 +112: test/search_paged_in_sql_test.dart: one token parameter pages in SQL and pages stably
00:03 +113: test/search_paged_in_sql_test.dart: one token parameter pages in SQL and pages stably
00:03 +114: test/search_paged_in_sql_test.dart: one token parameter pages in SQL and pages stably
00:03 +115: test/search_paged_in_sql_test.dart: one token parameter pages in SQL and pages stably
00:03 +116: test/search_paged_in_sql_test.dart: one token parameter pages in SQL and pages stably
00:03 +117: test/search_paged_in_sql_test.dart: one token parameter pages in SQL and pages stably
00:03 +118: test/search_paged_in_sql_test.dart: one token parameter pages in SQL and pages stably
00:03 +119: test/reference_targets_test.dart: more ids than one statement holds
00:04 +120: test/reference_targets_test.dart: more ids than one statement holds
00:04 +121: test/reference_targets_test.dart: more ids than one statement holds
00:04 +122: test/reference_targets_test.dart: more ids than one statement holds
00:04 +123: test/reference_targets_test.dart: more ids than one statement holds
00:04 +124: test/reference_targets_test.dart: more ids than one statement holds
00:04 +125: test/reference_targets_test.dart: more ids than one statement holds
00:04 +126: test/reference_targets_test.dart: more ids than one statement holds
00:04 +127: test/reference_targets_test.dart: more ids than one statement holds
00:04 +128: test/reference_targets_test.dart: more ids than one statement holds
00:04 +129: test/reference_targets_test.dart: more ids than one statement holds
00:04 +130: test/reference_targets_test.dart: more ids than one statement holds
00:04 +131: test/reference_targets_test.dart: more ids than one statement holds
00:04 +132: test/reference_targets_test.dart: more ids than one statement holds
00:04 +133: test/reference_targets_test.dart: more ids than one statement holds
00:04 +134: test/reference_targets_test.dart: more ids than one statement holds
00:04 +135: test/reference_targets_test.dart: more ids than one statement holds
00:04 +136: test/reference_targets_test.dart: more ids than one statement holds
00:04 +137: test/reference_targets_test.dart: more ids than one statement holds
00:04 +138: test/reference_targets_test.dart: more ids than one statement holds
00:04 +139: test/reference_targets_test.dart: more ids than one statement holds
00:04 +140: test/reference_targets_test.dart: more ids than one statement holds
00:04 +141: test/reference_targets_test.dart: more ids than one statement holds
00:04 +142: test/reference_targets_test.dart: more ids than one statement holds
00:04 +143: test/reference_targets_test.dart: more ids than one statement holds
00:04 +144: test/reference_targets_test.dart: more ids than one statement holds
00:04 +145: test/reference_targets_test.dart: more ids than one statement holds
00:04 +146: test/reference_targets_test.dart: more ids than one statement holds
00:04 +147: test/reference_targets_test.dart: more ids than one statement holds
00:04 +148: test/reference_targets_test.dart: more ids than one statement holds
00:04 +149: test/reference_targets_test.dart: more ids than one statement holds
00:05 +150: test/reference_targets_test.dart: more ids than one statement holds
00:05 +151: test/reference_targets_test.dart: more ids than one statement holds
00:05 +152: test/reference_targets_test.dart: more ids than one statement holds
00:05 +153: test/reference_targets_test.dart: more ids than one statement holds
00:05 +154: test/reference_targets_test.dart: more ids than one statement holds
00:05 +155: test/reference_targets_test.dart: more ids than one statement holds
00:05 +156: test/reference_targets_test.dart: more ids than one statement holds
00:05 +157: test/reference_targets_test.dart: more ids than one statement holds
00:05 +158: test/reference_targets_test.dart: more ids than one statement holds
00:05 +159: test/reference_targets_test.dart: more ids than one statement holds
00:05 +160: test/reference_targets_test.dart: more ids than one statement holds
00:05 +161: test/reference_targets_test.dart: more ids than one statement holds
00:05 +162: test/reference_targets_test.dart: more ids than one statement holds
00:05 +163: test/reference_targets_test.dart: more ids than one statement holds
00:05 +164: test/reference_targets_test.dart: more ids than one statement holds
00:05 +165: test/reference_targets_test.dart: more ids than one statement holds
00:05 +166: test/reference_targets_test.dart: more ids than one statement holds
00:05 +167: test/reference_targets_test.dart: more ids than one statement holds
00:05 +168: test/reference_targets_test.dart: more ids than one statement holds
00:05 +169: test/reference_targets_test.dart: more ids than one statement holds
00:05 +170: test/reference_targets_test.dart: more ids than one statement holds
00:05 +171: test/reference_targets_test.dart: more ids than one statement holds
00:05 +172: test/reference_targets_test.dart: more ids than one statement holds
00:05 +173: test/reference_targets_test.dart: more ids than one statement holds
00:05 +174: test/reference_targets_test.dart: more ids than one statement holds
00:05 +175: test/reference_targets_test.dart: more ids than one statement holds
00:05 +176: test/reference_targets_test.dart: more ids than one statement holds
00:05 +177: test/reference_targets_test.dart: more ids than one statement holds
00:05 +178: test/reference_targets_test.dart: more ids than one statement holds
00:05 +179: test/reference_targets_test.dart: more ids than one statement holds
00:05 +180: test/reference_targets_test.dart: more ids than one statement holds
00:05 +181: test/reference_targets_test.dart: more ids than one statement holds
00:05 +182: test/reference_targets_test.dart: more ids than one statement holds
00:05 +183: test/reference_targets_test.dart: more ids than one statement holds
00:05 +184: test/reference_targets_test.dart: more ids than one statement holds
00:05 +185: test/reference_targets_test.dart: more ids than one statement holds
00:05 +186: test/reference_targets_test.dart: more ids than one statement holds
00:05 +187: test/reference_targets_test.dart: more ids than one statement holds
00:05 +188: test/reference_targets_test.dart: more ids than one statement holds
00:06 +189: test/reference_targets_test.dart: more ids than one statement holds
00:06 +190: test/reference_targets_test.dart: more ids than one statement holds
00:06 +191: test/reference_targets_test.dart: more ids than one statement holds
00:06 +192: test/reference_targets_test.dart: more ids than one statement holds
00:06 +193: test/reference_targets_test.dart: more ids than one statement holds
00:06 +194: test/reference_targets_test.dart: more ids than one statement holds
00:07 +195: test/reference_targets_test.dart: more ids than one statement holds
00:07 +196: test/reference_targets_test.dart: more ids than one statement holds
00:07 +197: test/reference_targets_test.dart: more ids than one statement holds
00:07 +198: test/reference_targets_test.dart: more ids than one statement holds
00:07 +199: test/reference_targets_test.dart: more ids than one statement holds
00:07 +200: test/reference_targets_test.dart: more ids than one statement holds
00:07 +201: test/reference_targets_test.dart: more ids than one statement holds
00:07 +202: test/reference_targets_test.dart: more ids than one statement holds
00:07 +203: test/reference_targets_test.dart: more ids than one statement holds
00:07 +204: test/reference_targets_test.dart: more ids than one statement holds
00:07 +205: test/reference_targets_test.dart: more ids than one statement holds
00:07 +206: test/reference_targets_test.dart: more ids than one statement holds
00:07 +207: test/reference_targets_test.dart: more ids than one statement holds
00:07 +208: test/reference_targets_test.dart: more ids than one statement holds
00:07 +209: test/reference_targets_test.dart: more ids than one statement holds
00:07 +210: test/reference_targets_test.dart: more ids than one statement holds
00:07 +211: test/reference_targets_test.dart: more ids than one statement holds
00:07 +212: test/reference_targets_test.dart: more ids than one statement holds
00:07 +213: test/reference_targets_test.dart: more ids than one statement holds
00:07 +214: test/reference_targets_test.dart: more ids than one statement holds
00:07 +215: test/schema_migration_test.dart: an existing schema-4 database opens, and its index is rebuilt
00:07 +216: test/schema_migration_test.dart: an existing schema-4 database opens, and its index is rebuilt
00:07 +217: test/schema_migration_test.dart: an existing schema-4 database opens, and its index is rebuilt
00:07 +218: test/schema_migration_test.dart: an existing schema-4 database opens, and its index is rebuilt
00:07 +219: test/schema_migration_test.dart: an existing schema-4 database opens, and its index is rebuilt
00:07 +220: test/schema_migration_test.dart: an existing schema-4 database opens, and its index is rebuilt
00:07 +221: test/schema_migration_test.dart: an existing schema-4 database opens, and its index is rebuilt
00:07 +222: test/schema_migration_test.dart: an existing schema-4 database opens, and its index is rebuilt
00:07 +223: test/schema_migration_test.dart: an existing schema-4 database opens, and its index is rebuilt
00:07 +224: test/schema_migration_test.dart: an existing schema-4 database opens, and its index is rebuilt
00:07 +225: test/schema_migration_test.dart: an existing schema-4 database opens, and its index is rebuilt
00:07 +226: test/schema_migration_test.dart: an existing schema-4 database opens, and its index is rebuilt
00:07 +227: test/schema_migration_test.dart: an existing schema-4 database opens, and its index is rebuilt
00:07 +228: test/schema_migration_test.dart: an existing schema-4 database opens, and its index is rebuilt
00:08 +229: test/schema_migration_test.dart: an existing schema-4 database opens, and its index is rebuilt
00:08 +230: test/schema_migration_test.dart: an existing schema-4 database opens, and its index is rebuilt
00:08 +231: test/schema_migration_test.dart: an existing schema-4 database opens, and its index is rebuilt
00:08 +232: test/schema_migration_test.dart: an existing schema-4 database opens, and its index is rebuilt
00:08 +233: test/schema_migration_test.dart: an existing schema-4 database opens, and its index is rebuilt
00:08 +234: test/schema_migration_test.dart: an existing schema-4 database opens, and its index is rebuilt
00:08 +235: test/schema_migration_test.dart: an existing schema-4 database opens, and its index is rebuilt
00:08 +236: test/schema_migration_test.dart: an existing schema-4 database opens, and its index is rebuilt
00:08 +237: test/schema_migration_test.dart: an existing schema-4 database opens, and its index is rebuilt
00:08 +238: test/schema_migration_test.dart: an existing schema-4 database opens, and its index is rebuilt
00:08 +239: test/schema_migration_test.dart: an existing schema-4 database opens, and its index is rebuilt
00:08 +240: test/schema_migration_test.dart: an existing schema-4 database opens, and its index is rebuilt
00:08 +241: test/schema_migration_test.dart: an existing schema-4 database opens, and its index is rebuilt
00:08 +242: test/schema_migration_test.dart: an existing schema-4 database opens, and its index is rebuilt
00:08 +243: test/schema_migration_test.dart: an existing schema-4 database opens, and its index is rebuilt
00:08 +244: test/schema_migration_test.dart: an existing schema-4 database opens, and its index is rebuilt
00:08 +245: test/schema_migration_test.dart: an existing schema-4 database opens, and its index is rebuilt
00:08 +246: test/schema_migration_test.dart: an existing schema-4 database opens, and its index is rebuilt
00:08 +247: test/schema_migration_test.dart: an existing schema-4 database opens, and its index is rebuilt
00:08 +248: test/schema_migration_test.dart: an existing schema-4 database opens, and its index is rebuilt
00:08 +249: test/search_ids_test.dart: ids: the caller's set restricts the search on both paths
00:08 +250: test/search_ids_test.dart: ids: the caller's set restricts the search on both paths
00:08 +251: test/search_ids_test.dart: ids: the caller's set restricts the search on both paths
00:08 +252: test/search_ids_test.dart: ids: the caller's set restricts the search on both paths
00:08 +253: test/search_paged_in_sql_test.dart: token modifiers page in SQL: :not and :text
00:08 +254: test/search_paged_in_sql_test.dart: token modifiers page in SQL: :not and :text
00:08 +255: test/search_paged_in_sql_test.dart: token modifiers page in SQL: :not and :text
00:08 +256: test/search_paged_in_sql_test.dart: token modifiers page in SQL: :not and :text
00:08 +257: test/search_paged_in_sql_test.dart: token modifiers page in SQL: :not and :text
00:08 +258: test/search_paged_in_sql_test.dart: token modifiers page in SQL: :not and :text
00:08 +259: test/schema_migration_test.dart: a version-5 database gains the column without a rebuild
00:08 +260: test/schema_migration_test.dart: a version-5 database gains the column without a rebuild
00:08 +261: test/schema_migration_test.dart: a version-5 database gains the column without a rebuild
00:08 +262: test/schema_migration_test.dart: a version-5 database gains the column without a rebuild
00:09 +263: test/schema_migration_test.dart: a version-5 database gains the column without a rebuild
00:09 +264: test/schema_migration_test.dart: a version-5 database gains the column without a rebuild
00:09 +265: test/schema_migration_test.dart: a version-5 database gains the column without a rebuild
00:09 +266: test/schema_migration_test.dart: a version-5 database gains the column without a rebuild
00:09 +267: test/schema_migration_test.dart: a version-5 database gains the column without a rebuild
00:09 +268: test/schema_migration_test.dart: a version-5 database gains the column without a rebuild
00:09 +269: test/schema_migration_test.dart: a version-5 database gains the column without a rebuild
00:09 +270: test/schema_migration_test.dart: a version-5 database gains the column without a rebuild
00:09 +271: test/schema_migration_test.dart: a version-5 database gains the column without a rebuild
00:09 +272: test/schema_migration_test.dart: a version-5 database gains the column without a rebuild
00:09 +273: test/schema_migration_test.dart: a version-5 database gains the column without a rebuild
00:09 +274: test/schema_migration_test.dart: a version-5 database gains the column without a rebuild
00:09 +275: test/schema_migration_test.dart: a version-5 database gains the column without a rebuild
00:09 +276: test/schema_migration_test.dart: a version-5 database gains the column without a rebuild
00:09 +277: test/schema_migration_test.dart: a version-5 database gains the column without a rebuild
00:09 +278: test/schema_migration_test.dart: a version-5 database gains the column without a rebuild
00:10 +279: test/schema_migration_test.dart: a version-5 database gains the column without a rebuild
00:10 +280: test/schema_migration_test.dart: a version-5 database gains the column without a rebuild
00:10 +281: test/schema_migration_test.dart: a version-5 database gains the column without a rebuild
00:10 +282: test/schema_migration_test.dart: a version-5 database gains the column without a rebuild
00:10 +283: test/schema_migration_test.dart: a version-5 database gains the column without a rebuild
00:10 +284: test/schema_migration_test.dart: a version-5 database gains the column without a rebuild
00:10 +285: test/schema_migration_test.dart: a version-5 database gains the column without a rebuild
00:10 +285: test/review_integrity_test.dart: saveResources (findings 27, 28) is atomic: an indexing failure stores no resource
Error in saveResources: Bad state: index failed
00:10 +286: test/schema_migration_test.dart: a version-5 database gains the column without a rebuild
00:10 +287: test/schema_migration_test.dart: a version-5 database gains the column without a rebuild
00:10 +288: test/schema_migration_test.dart: a version-5 database gains the column without a rebuild
00:10 +289: test/schema_migration_test.dart: a version-5 database gains the column without a rebuild
00:10 +290: test/schema_migration_test.dart: a version-5 database gains the column without a rebuild
00:10 +291: test/schema_migration_test.dart: a version-5 database gains the column without a rebuild
00:10 +292: test/schema_migration_test.dart: a version-5 database gains the column without a rebuild
00:10 +293: test/schema_migration_test.dart: a version-5 database gains the column without a rebuild
00:10 +294: test/schema_migration_test.dart: a version-5 database gains the column without a rebuild
00:10 +295: test/schema_migration_test.dart: a version-5 database gains the column without a rebuild
00:10 +296: test/schema_migration_test.dart: a version-5 database gains the column without a rebuild
00:10 +297: test/schema_migration_test.dart: a version-5 database gains the column without a rebuild
00:10 +298: test/schema_migration_test.dart: a version-5 database gains the column without a rebuild
00:10 +299: test/schema_migration_test.dart: a version-5 database gains the column without a rebuild
00:10 +300: test/schema_migration_test.dart: a version-5 database gains the column without a rebuild
00:10 +301: test/schema_migration_test.dart: a version-5 database gains the column without a rebuild
00:10 +302: test/schema_migration_test.dart: a version-5 database gains the column without a rebuild
00:10 +303: test/schema_migration_test.dart: a version-5 database gains the column without a rebuild
00:10 +304: test/schema_migration_test.dart: a version-5 database gains the column without a rebuild
00:10 +305: test/schema_migration_test.dart: a version-5 database gains the column without a rebuild
00:10 +306: test/schema_migration_test.dart: a version-5 database gains the column without a rebuild
00:10 +307: test/schema_migration_test.dart: a version-5 database gains the column without a rebuild
00:10 +308: test/schema_migration_test.dart: a version-5 database gains the column without a rebuild
00:10 +309: test/schema_migration_test.dart: a version-5 database gains the column without a rebuild
00:10 +310: test/schema_migration_test.dart: a version-5 database gains the column without a rebuild
00:10 +311: test/schema_migration_test.dart: a version-5 database gains the column without a rebuild
00:10 +312: test/schema_migration_test.dart: a version-5 database gains the column without a rebuild
00:10 +313: test/schema_migration_test.dart: a version-5 database gains the column without a rebuild
00:10 +314: test/schema_migration_test.dart: a version-5 database gains the column without a rebuild
00:10 +315: test/schema_migration_test.dart: a version-5 database gains the column without a rebuild
00:10 +316: test/schema_migration_test.dart: a version-5 database gains the column without a rebuild
00:10 +317: test/schema_migration_test.dart: a version-5 database gains the column without a rebuild
00:10 +318: test/schema_migration_test.dart: a version-5 database gains the column without a rebuild
00:10 +319: test/schema_migration_test.dart: a version-5 database gains the column without a rebuild
00:10 +320: test/schema_migration_test.dart: a version-5 database gains the column without a rebuild
00:10 +321: test/schema_migration_test.dart: a version-5 database gains the column without a rebuild
00:11 +322: test/schema_migration_test.dart: a version-5 database gains the column without a rebuild
00:11 +323: test/schema_migration_test.dart: a version-5 database gains the column without a rebuild
00:11 +324: test/schema_migration_test.dart: a version-5 database gains the column without a rebuild
00:11 +325: test/schema_migration_test.dart: a version-5 database gains the column without a rebuild
00:11 +326: test/schema_migration_test.dart: a version-5 database gains the column without a rebuild
00:11 +327: test/schema_migration_test.dart: a version-5 database gains the column without a rebuild
00:11 +328: test/schema_migration_test.dart: a version-5 database gains the column without a rebuild
00:11 +329: test/schema_migration_test.dart: a version-5 database gains the column without a rebuild
00:11 +330: test/schema_migration_test.dart: a version-5 database gains the column without a rebuild
00:11 +331: test/schema_migration_test.dart: a version-5 database gains the column without a rebuild
00:11 +332: test/schema_migration_test.dart: a version-5 database gains the column without a rebuild
00:11 +333: test/schema_migration_test.dart: a version-5 database gains the column without a rebuild
00:11 +334: test/schema_migration_test.dart: a version-5 database gains the column without a rebuild
00:11 +335: test/schema_migration_test.dart: a version-5 database gains the column without a rebuild
00:11 +336: test/schema_migration_test.dart: a version-5 database gains the column without a rebuild
00:11 +337: test/schema_migration_test.dart: a version-5 database gains the column without a rebuild
00:11 +338: test/schema_migration_test.dart: a version-5 database gains the column without a rebuild
00:11 +339: test/schema_migration_test.dart: a version-5 database gains the column without a rebuild
00:11 +340: test/schema_migration_test.dart: a version-5 database gains the column without a rebuild
00:11 +341: test/schema_migration_test.dart: a version-5 database gains the column without a rebuild
00:11 +342: test/schema_migration_test.dart: a version-5 database gains the column without a rebuild
00:11 +343: test/schema_migration_test.dart: a version-5 database gains the column without a rebuild
00:11 +344: test/schema_migration_test.dart: a version-5 database gains the column without a rebuild
00:11 +345: test/schema_migration_test.dart: a version-5 database gains the column without a rebuild
00:11 +346: test/schema_migration_test.dart: a version-5 database gains the column without a rebuild
00:11 +347: test/schema_migration_test.dart: a version-5 database gains the column without a rebuild
00:11 +348: test/schema_migration_test.dart: a version-5 database gains the column without a rebuild
00:11 +349: test/schema_migration_test.dart: a version-5 database gains the column without a rebuild
00:11 +350: test/schema_migration_test.dart: a version-5 database gains the column without a rebuild
00:11 +351: test/schema_migration_test.dart: a version-5 database gains the column without a rebuild
00:11 +352: test/schema_migration_test.dart: a version-5 database gains the column without a rebuild
00:11 +353: test/schema_migration_test.dart: a version-5 database gains the column without a rebuild
00:11 +354: test/schema_migration_test.dart: a version-5 database gains the column without a rebuild
00:11 +355: test/schema_migration_test.dart: a version-5 database gains the column without a rebuild
00:11 +356: test/schema_migration_test.dart: a version-5 database gains the column without a rebuild
00:11 +357: test/schema_migration_test.dart: a version-5 database gains the column without a rebuild
00:11 +358: test/schema_migration_test.dart: a version-5 database gains the column without a rebuild
00:11 +359: test/schema_migration_test.dart: a version-5 database gains the column without a rebuild
00:11 +360: test/schema_migration_test.dart: a version-5 database gains the column without a rebuild
00:11 +361: test/schema_migration_test.dart: a version-5 database gains the column without a rebuild
00:11 +362: test/schema_migration_test.dart: a version-5 database gains the column without a rebuild
00:11 +363: test/schema_migration_test.dart: a version-5 database gains the column without a rebuild
00:12 +364: test/schema_migration_test.dart: a version-5 database gains the column without a rebuild
00:12 +365: test/schema_migration_test.dart: a version-5 database gains the column without a rebuild
00:12 +366: test/schema_migration_test.dart: a version-5 database gains the column without a rebuild
00:12 +367: test/schema_migration_test.dart: a version-5 database gains the column without a rebuild
00:12 +368: test/schema_migration_test.dart: a version-5 database gains the column without a rebuild
00:12 +369: test/schema_migration_test.dart: a version-5 database gains the column without a rebuild
00:12 +370: test/schema_migration_test.dart: a version-5 database gains the column without a rebuild
00:12 +371: test/schema_migration_test.dart: a version-5 database gains the column without a rebuild
00:12 +372: test/schema_migration_test.dart: a version-5 database gains the column without a rebuild
00:12 +372: test/fhir_db_test.dart: (setUpAll)
Database initialized
00:12 +373: test/schema_migration_test.dart: a version-5 database gains the column without a rebuild
00:12 +374: test/schema_migration_test.dart: a version-5 database gains the column without a rebuild
00:12 +375: test/planner_statistics_test.dart: a bulk save into an empty database leaves statistics behind
00:12 +376: test/planner_statistics_test.dart: a bulk save into an empty database leaves statistics behind
00:12 +377: test/planner_statistics_test.dart: a bulk save into an empty database leaves statistics behind
00:12 +378: test/planner_statistics_test.dart: a bulk save into an empty database leaves statistics behind
00:12 +379: test/planner_statistics_test.dart: a bulk save into an empty database leaves statistics behind
00:12 +380: test/planner_statistics_test.dart: a bulk save into an empty database leaves statistics behind
00:12 +381: test/planner_statistics_test.dart: a bulk save into an empty database leaves statistics behind
00:12 +382: test/planner_statistics_test.dart: a bulk save into an empty database leaves statistics behind
00:13 +383: test/planner_statistics_test.dart: a bulk save into an empty database leaves statistics behind
00:13 +384: test/planner_statistics_test.dart: a bulk save into an empty database leaves statistics behind
00:13 +385: test/planner_statistics_test.dart: a bulk save into an empty database leaves statistics behind
00:13 +386: test/planner_statistics_test.dart: a bulk save into an empty database leaves statistics behind
00:13 +387: test/planner_statistics_test.dart: a bulk save into an empty database leaves statistics behind
00:13 +388: test/planner_statistics_test.dart: a bulk save into an empty database leaves statistics behind
00:13 +388: test/indexing_failure_test.dart: saveResources reports a failed bulk index as false
Error in saveResources: Bad state: index is broken
00:13 +389: test/planner_statistics_test.dart: a bulk save into an empty database leaves statistics behind
00:13 +390: test/planner_statistics_test.dart: a bulk save into an empty database leaves statistics behind
00:13 +391: test/planner_statistics_test.dart: a bulk save into an empty database leaves statistics behind
00:13 +392: test/planner_statistics_test.dart: a bulk save into an empty database leaves statistics behind
00:13 +393: test/planner_statistics_test.dart: a bulk save into an empty database leaves statistics behind
00:13 +394: test/planner_statistics_test.dart: a bulk save into an empty database leaves statistics behind
00:13 +395: test/planner_statistics_test.dart: a bulk save into an empty database leaves statistics behind
00:13 +396: test/planner_statistics_test.dart: a bulk save into an empty database leaves statistics behind
00:13 +397: test/planner_statistics_test.dart: a bulk save into an empty database leaves statistics behind
00:13 +398: test/planner_statistics_test.dart: a bulk save into an empty database leaves statistics behind
00:13 +399: test/planner_statistics_test.dart: a bulk save into an empty database leaves statistics behind
00:13 +400: test/planner_statistics_test.dart: a bulk save into an empty database leaves statistics behind
00:13 +401: test/planner_statistics_test.dart: a bulk save into an empty database leaves statistics behind
00:13 +402: test/planner_statistics_test.dart: a bulk save into an empty database leaves statistics behind
00:13 +403: test/planner_statistics_test.dart: a bulk save into an empty database leaves statistics behind
00:13 +404: test/planner_statistics_test.dart: a bulk save into an empty database leaves statistics behind
00:13 +405: test/planner_statistics_test.dart: a bulk save into an empty database leaves statistics behind
00:13 +406: test/planner_statistics_test.dart: a bulk save into an empty database leaves statistics behind
00:13 +407: test/planner_statistics_test.dart: a bulk save into an empty database leaves statistics behind
00:13 +408: test/planner_statistics_test.dart: a bulk save into an empty database leaves statistics behind
00:13 +409: test/planner_statistics_test.dart: a bulk save into an empty database leaves statistics behind
00:13 +410: test/planner_statistics_test.dart: a bulk save into an empty database leaves statistics behind
00:13 +411: test/planner_statistics_test.dart: a bulk save into an empty database leaves statistics behind
00:13 +412: test/planner_statistics_test.dart: a bulk save into an empty database leaves statistics behind
00:13 +413: test/planner_statistics_test.dart: a bulk save into an empty database leaves statistics behind
00:13 +414: test/planner_statistics_test.dart: a bulk save into an empty database leaves statistics behind
00:13 +415: test/planner_statistics_test.dart: a bulk save into an empty database leaves statistics behind
00:13 +416: test/planner_statistics_test.dart: a bulk save into an empty database leaves statistics behind
00:13 +416: test/fhir_db_test.dart: Encrypted Database: CRUD with cipherSetup()
WARNING (drift): It looks like you've created the database class FhirDb multiple times. When these two databases use the same QueryExecutor, race conditions will occur and might corrupt the database. 
Try to follow the advice at https://drift.simonbinder.eu/faq/#using-the-database or, if you know what you're doing, set driftRuntimeOptions.dontWarnAboutMultipleDatabases = true
Here is the stacktrace from when the database was opened a second time:
#0      GeneratedDatabase._handleInstantiated (package:drift/src/runtime/api/db_base.dart:96:30)
#1      GeneratedDatabase._whenConstructed (package:drift/src/runtime/api/db_base.dart:73:12)
#2      new GeneratedDatabase (package:drift/src/runtime/api/db_base.dart:64:5)
#3      new _$FhirDb (package:fhir_db/src/fhir_db.g.dart:6605:31)
#4      new FhirDb (package:fhir_db/src/fhir_db.dart)
#5      new FhirDb (package:fhir_r5_db/src/fhir_db.dart:14:21)
#6      main.<anonymous closure>.<anonymous closure> (file:///home/grey/dev/fhir/fhir_r5/packages/fhir_r5_db/test/fhir_db_test.dart:255:21)
#7      Declarer.test.<anonymous closure>.<anonymous closure> (package:test_api/src/backend/declarer.dart:253:25)
<asynchronous suspension>
#8      Declarer.test.<anonymous closure> (package:test_api/src/backend/declarer.dart:250:11)
<asynchronous suspension>
#9      Invoker._waitForOutstandingCallbacks.<anonymous closure> (package:test_api/src/backend/invoker.dart:318:9)
<asynchronous suspension>
This warning will only appear on debug builds.
00:13 +417: test/schema_migration_test.dart: a version-6 database (published 0.12.0) has its whole index rebuilt
00:13 +418: test/schema_migration_test.dart: a version-6 database (published 0.12.0) has its whole index rebuilt
00:13 +419: test/schema_migration_test.dart: a version-6 database (published 0.12.0) has its whole index rebuilt
00:13 +420: test/schema_migration_test.dart: a version-6 database (published 0.12.0) has its whole index rebuilt
00:13 +421: test/schema_migration_test.dart: a version-6 database (published 0.12.0) has its whole index rebuilt
00:13 +422: test/schema_migration_test.dart: a version-6 database (published 0.12.0) has its whole index rebuilt
00:13 +423: test/schema_migration_test.dart: a version-6 database (published 0.12.0) has its whole index rebuilt
00:13 +424: test/schema_migration_test.dart: a version-6 database (published 0.12.0) has its whole index rebuilt
00:13 +425: test/schema_migration_test.dart: a version-6 database (published 0.12.0) has its whole index rebuilt
00:13 +426: test/schema_migration_test.dart: a version-6 database (published 0.12.0) has its whole index rebuilt
00:14 +427: test/schema_migration_test.dart: a version-6 database (published 0.12.0) has its whole index rebuilt
00:14 +428: test/schema_migration_test.dart: a version-6 database (published 0.12.0) has its whole index rebuilt
00:14 +429: test/schema_migration_test.dart: a version-6 database (published 0.12.0) has its whole index rebuilt
00:14 +430: test/schema_migration_test.dart: a version-6 database (published 0.12.0) has its whole index rebuilt
00:14 +431: test/schema_migration_test.dart: a version-6 database (published 0.12.0) has its whole index rebuilt
00:14 +432: test/schema_migration_test.dart: a version-6 database (published 0.12.0) has its whole index rebuilt
00:14 +433: test/schema_migration_test.dart: a version-6 database (published 0.12.0) has its whole index rebuilt
00:14 +434: test/schema_migration_test.dart: a version-6 database (published 0.12.0) has its whole index rebuilt
00:14 +435: test/schema_migration_test.dart: a version-6 database (published 0.12.0) has its whole index rebuilt
00:14 +436: test/schema_migration_test.dart: a version-6 database (published 0.12.0) has its whole index rebuilt
00:14 +437: test/schema_migration_test.dart: a version-6 database (published 0.12.0) has its whole index rebuilt
00:14 +438: test/schema_migration_test.dart: a version-6 database (published 0.12.0) has its whole index rebuilt
00:14 +439: test/schema_migration_test.dart: a version-6 database (published 0.12.0) has its whole index rebuilt
00:14 +440: test/schema_migration_test.dart: a version-6 database (published 0.12.0) has its whole index rebuilt
00:14 +441: test/schema_migration_test.dart: a version-6 database (published 0.12.0) has its whole index rebuilt
00:14 +442: test/schema_migration_test.dart: a version-6 database (published 0.12.0) has its whole index rebuilt
00:14 +443: test/schema_migration_test.dart: a version-6 database (published 0.12.0) has its whole index rebuilt
00:14 +444: test/schema_migration_test.dart: a version-6 database (published 0.12.0) has its whole index rebuilt
00:14 +445: test/schema_migration_test.dart: a version-6 database (published 0.12.0) has its whole index rebuilt
00:14 +446: test/schema_migration_test.dart: a version-6 database (published 0.12.0) has its whole index rebuilt
00:14 +447: test/schema_migration_test.dart: a version-6 database (published 0.12.0) has its whole index rebuilt
00:14 +448: test/schema_migration_test.dart: a version-6 database (published 0.12.0) has its whole index rebuilt
00:15 +449: test/schema_migration_test.dart: a version-6 database (published 0.12.0) has its whole index rebuilt
00:15 +450: test/schema_migration_test.dart: a version-6 database (published 0.12.0) has its whole index rebuilt
00:15 +451: test/schema_migration_test.dart: a version-6 database (published 0.12.0) has its whole index rebuilt
00:15 +451: test/fhir_db_test.dart: More Complicated Searching (& Resources)
Found 10 resources in total of 65 ms
00:15 +452: test/schema_migration_test.dart: a version-6 database (published 0.12.0) has its whole index rebuilt
00:15 +453: test/schema10_test.dart: one parameter: the page shape is chosen by the size probe a broad range pages in id order with an offset
00:16 +454: test/schema10_test.dart: one parameter: the page shape is chosen by the size probe a broad range pages in id order with an offset
00:16 +455: test/schema10_test.dart: one parameter: the page shape is chosen by the size probe a broad range pages in id order with an offset
00:16 +456: test/schema10_test.dart: one parameter: the page shape is chosen by the size probe a broad range pages in id order with an offset
00:16 +457: test/planner_statistics_test.dart: opening a database with data but no statistics analyses it
00:16 +458: test/planner_statistics_test.dart: opening a database with data but no statistics analyses it
00:18 +459: test/planner_statistics_test.dart: opening a database with data but no statistics analyses it
00:20 +460: test/planner_statistics_test.dart: opening a database with data but no statistics analyses it
00:21 +461: test/planner_statistics_test.dart: opening a database with data but no statistics analyses it
00:22 +462: test/planner_statistics_test.dart: opening a database with data but no statistics analyses it
00:23 +463: test/planner_statistics_test.dart: opening a database with data but no statistics analyses it
00:24 +464: test/schema_migration_test.dart: after upgrading, two parameters can share one path
00:24 +465: test/schema_migration_test.dart: after upgrading, two parameters can share one path
00:24 +466: test/schema_migration_test.dart: after upgrading, two parameters can share one path
00:25 +467: test/schema_migration_test.dart: a resource saved after the upgrade indexes and is searchable
00:27 +468: test/schema_migration_test.dart: a version-7 database gains the contained-row partial indexes
00:29 +469: test/schema_migration_test.dart: a version-8 database has its search index rebuilt
00:31 +470: test/schema_migration_test.dart: a version-11 database stores its open date bounds as sentinels
00:32 +471: test/schema_migration_test.dart: a version-10 database stores its open bounds as infinity
00:33 +472: test/schema_migration_test.dart: a version-9 database loses search_path, its key and the old indexes
00:35 +473: All tests passed!
