Formatted 44 files (0 changed) in 0.47 seconds.
format exit=0
Analyzing fhir_r4_db...
No issues found!
analyze exit=0
Running build hooks...Running build hooks...00:00 +0: loading test/value_set_not_evaluable_test.dart
00:00 +0: test/value_set_not_evaluable_test.dart: :in refuses a ValueSet the store does not hold
00:00 +1: test/value_set_not_evaluable_test.dart: :in refuses a ValueSet the store does not hold
00:00 +2: test/value_set_not_evaluable_test.dart: :in refuses a ValueSet the store does not hold
00:00 +3: test/value_set_not_evaluable_test.dart: :in refuses a ValueSet the store does not hold
00:00 +4: test/value_set_not_evaluable_test.dart: :in refuses a ValueSet the store does not hold
00:00 +5: test/value_set_not_evaluable_test.dart: :in refuses a ValueSet the store does not hold
00:00 +6: test/value_set_not_evaluable_test.dart: :in refuses a ValueSet the store does not hold
00:00 +7: test/value_set_not_evaluable_test.dart: :in refuses a ValueSet the store does not hold
00:00 +8: test/value_set_not_evaluable_test.dart: :in refuses a ValueSet the store does not hold
00:00 +9: test/value_set_not_evaluable_test.dart: :in refuses a ValueSet the store does not hold
00:00 +10: test/value_set_not_evaluable_test.dart: :in refuses a ValueSet the store does not hold
00:00 +11: test/value_set_not_evaluable_test.dart: :in refuses a ValueSet the store does not hold
00:00 +12: test/value_set_not_evaluable_test.dart: :in refuses a ValueSet the store does not hold
00:00 +13: test/value_set_not_evaluable_test.dart: :in refuses a ValueSet the store does not hold
00:00 +14: test/value_set_not_evaluable_test.dart: :in refuses a ValueSet the store does not hold
00:00 +15: test/value_set_not_evaluable_test.dart: :in refuses a ValueSet the store does not hold
00:00 +16: test/value_set_not_evaluable_test.dart: :in refuses a ValueSet the store does not hold
00:00 +17: test/value_set_not_evaluable_test.dart: :in refuses a ValueSet the store does not hold
00:00 +18: test/value_set_not_evaluable_test.dart: :in refuses a ValueSet the store does not hold
00:00 +19: test/value_set_not_evaluable_test.dart: :in refuses a ValueSet the store does not hold
00:00 +20: test/date_range_test.dart: open bounds are stored as the sentinels, never NULL
00:00 +21: test/date_range_test.dart: open bounds are stored as the sentinels, never NULL
00:00 +22: test/date_range_test.dart: open bounds are stored as the sentinels, never NULL
00:00 +23: test/date_range_test.dart: open bounds are stored as the sentinels, never NULL
00:00 +24: test/date_range_test.dart: open bounds are stored as the sentinels, never NULL
00:00 +25: test/hygiene_test.dart: :in refuses a compose with include.filter
00:00 +26: test/hygiene_test.dart: :in refuses a compose with include.filter
00:00 +27: test/hygiene_test.dart: :in refuses a compose with include.filter
00:00 +28: test/hygiene_test.dart: :in refuses a compose with include.filter
00:00 +29: test/hygiene_test.dart: :in refuses a compose with include.filter
00:00 +30: test/hygiene_test.dart: :in refuses a compose with include.filter
00:00 +31: test/hygiene_test.dart: :in refuses a compose with include.filter
00:00 +32: test/hygiene_test.dart: :in refuses a compose with include.filter
00:00 +33: test/reference_targets_test.dart: follows the search parameter, not the element name
00:00 +34: test/reference_targets_test.dart: follows the search parameter, not the element name
00:00 +35: test/reference_targets_test.dart: follows the search parameter, not the element name
00:00 +36: test/reference_targets_test.dart: follows the search parameter, not the element name
00:00 +37: test/reference_targets_test.dart: follows the search parameter, not the element name
00:00 +38: test/reference_targets_test.dart: follows the search parameter, not the element name
00:00 +39: test/reference_targets_test.dart: follows the search parameter, not the element name
00:00 +40: test/reference_targets_test.dart: follows the search parameter, not the element name
00:00 +41: test/reference_targets_test.dart: follows the search parameter, not the element name
00:01 +42: test/reference_targets_test.dart: follows the search parameter, not the element name
00:01 +43: test/reference_targets_test.dart: follows the search parameter, not the element name
00:01 +44: test/reference_targets_test.dart: follows the search parameter, not the element name
00:01 +45: test/search_compartment_test.dart: every parameter the definition names puts a resource in
00:01 +46: test/search_compartment_test.dart: every parameter the definition names puts a resource in
00:01 +47: test/search_compartment_test.dart: every parameter the definition names puts a resource in
00:01 +48: test/search_compartment_test.dart: every parameter the definition names puts a resource in
00:01 +49: test/search_compartment_test.dart: every parameter the definition names puts a resource in
00:01 +50: test/search_compartment_test.dart: every parameter the definition names puts a resource in
00:01 +51: test/search_compartment_test.dart: every parameter the definition names puts a resource in
00:01 +52: test/search_compartment_test.dart: every parameter the definition names puts a resource in
00:01 +53: test/search_compartment_test.dart: every parameter the definition names puts a resource in
00:01 +54: test/search_compartment_test.dart: every parameter the definition names puts a resource in
00:01 +55: test/custom_search_parameter_test.dart: a saved SearchParameter indexes every later save by its expression
00:01 +56: test/custom_search_parameter_test.dart: a saved SearchParameter indexes every later save by its expression
00:01 +57: test/custom_search_parameter_test.dart: a saved SearchParameter indexes every later save by its expression
00:01 +58: test/custom_search_parameter_test.dart: a saved SearchParameter indexes every later save by its expression
00:01 +59: test/custom_search_parameter_test.dart: a saved SearchParameter indexes every later save by its expression
00:01 +60: test/search_paged_in_sql_test.dart: one token parameter pages in SQL and pages stably
00:01 +61: test/search_paged_in_sql_test.dart: one token parameter pages in SQL and pages stably
00:01 +62: test/search_paged_in_sql_test.dart: one token parameter pages in SQL and pages stably
00:01 +63: test/search_paged_in_sql_test.dart: one token parameter pages in SQL and pages stably
00:01 +64: test/search_paged_in_sql_test.dart: one token parameter pages in SQL and pages stably
00:01 +65: test/search_paged_in_sql_test.dart: one token parameter pages in SQL and pages stably
00:01 +66: test/search_paged_in_sql_test.dart: one token parameter pages in SQL and pages stably
00:01 +67: test/search_paged_in_sql_test.dart: one token parameter pages in SQL and pages stably
00:01 +68: test/search_paged_in_sql_test.dart: one token parameter pages in SQL and pages stably
00:01 +69: test/search_paged_in_sql_test.dart: one token parameter pages in SQL and pages stably
00:01 +70: test/search_paged_in_sql_test.dart: one token parameter pages in SQL and pages stably
00:01 +71: test/search_paged_in_sql_test.dart: one token parameter pages in SQL and pages stably
00:01 +72: test/search_paged_in_sql_test.dart: one token parameter pages in SQL and pages stably
00:01 +73: test/search_paged_in_sql_test.dart: one token parameter pages in SQL and pages stably
00:01 +74: test/search_paged_in_sql_test.dart: one token parameter pages in SQL and pages stably
00:01 +75: test/search_paged_in_sql_test.dart: one token parameter pages in SQL and pages stably
00:01 +76: test/search_paged_in_sql_test.dart: one token parameter pages in SQL and pages stably
00:01 +77: test/search_paged_in_sql_test.dart: one token parameter pages in SQL and pages stably
00:01 +78: test/search_paged_in_sql_test.dart: one token parameter pages in SQL and pages stably
00:01 +79: test/search_paged_in_sql_test.dart: one token parameter pages in SQL and pages stably
00:01 +80: test/search_paged_in_sql_test.dart: one token parameter pages in SQL and pages stably
00:01 +81: test/search_paged_in_sql_test.dart: one token parameter pages in SQL and pages stably
00:01 +82: test/search_paged_in_sql_test.dart: one token parameter pages in SQL and pages stably
00:01 +83: test/search_paged_in_sql_test.dart: one token parameter pages in SQL and pages stably
00:01 +84: test/search_paged_in_sql_test.dart: one token parameter pages in SQL and pages stably
00:01 +85: test/search_paged_in_sql_test.dart: one token parameter pages in SQL and pages stably
00:01 +86: test/search_paged_in_sql_test.dart: one token parameter pages in SQL and pages stably
00:01 +87: test/search_paged_in_sql_test.dart: one token parameter pages in SQL and pages stably
00:01 +88: test/search_paged_in_sql_test.dart: one token parameter pages in SQL and pages stably
00:01 +89: test/search_paged_in_sql_test.dart: one token parameter pages in SQL and pages stably
00:01 +90: test/search_paged_in_sql_test.dart: one token parameter pages in SQL and pages stably
00:01 +91: test/search_paged_in_sql_test.dart: one token parameter pages in SQL and pages stably
00:01 +92: test/search_paged_in_sql_test.dart: one token parameter pages in SQL and pages stably
00:01 +93: test/search_paged_in_sql_test.dart: one token parameter pages in SQL and pages stably
00:01 +94: test/search_paged_in_sql_test.dart: one token parameter pages in SQL and pages stably
00:01 +95: test/search_paged_in_sql_test.dart: one token parameter pages in SQL and pages stably
00:01 +96: test/search_paged_in_sql_test.dart: one token parameter pages in SQL and pages stably
00:01 +97: test/search_paged_in_sql_test.dart: one token parameter pages in SQL and pages stably
00:01 +98: test/search_paged_in_sql_test.dart: one token parameter pages in SQL and pages stably
00:01 +99: test/search_paged_in_sql_test.dart: one token parameter pages in SQL and pages stably
00:01 +100: test/search_paged_in_sql_test.dart: one token parameter pages in SQL and pages stably
00:01 +101: test/search_paged_in_sql_test.dart: one token parameter pages in SQL and pages stably
00:01 +102: test/search_paged_in_sql_test.dart: one token parameter pages in SQL and pages stably
00:02 +103: test/search_paged_in_sql_test.dart: one token parameter pages in SQL and pages stably
00:02 +104: test/search_paged_in_sql_test.dart: one token parameter pages in SQL and pages stably
00:02 +105: test/search_paged_in_sql_test.dart: one token parameter pages in SQL and pages stably
00:02 +106: test/search_paged_in_sql_test.dart: one token parameter pages in SQL and pages stably
00:02 +107: test/search_paged_in_sql_test.dart: one token parameter pages in SQL and pages stably
00:02 +108: test/search_paged_in_sql_test.dart: one token parameter pages in SQL and pages stably
00:02 +109: test/search_paged_in_sql_test.dart: one token parameter pages in SQL and pages stably
00:02 +110: test/search_paged_in_sql_test.dart: one token parameter pages in SQL and pages stably
00:02 +111: test/search_paged_in_sql_test.dart: one token parameter pages in SQL and pages stably
00:02 +112: test/search_paged_in_sql_test.dart: one token parameter pages in SQL and pages stably
00:02 +113: test/search_paged_in_sql_test.dart: one token parameter pages in SQL and pages stably
00:02 +114: test/search_paged_in_sql_test.dart: one token parameter pages in SQL and pages stably
00:02 +115: test/search_paged_in_sql_test.dart: one token parameter pages in SQL and pages stably
00:02 +116: test/search_paged_in_sql_test.dart: one token parameter pages in SQL and pages stably
00:02 +117: test/search_paged_in_sql_test.dart: one token parameter pages in SQL and pages stably
00:02 +118: test/reference_targets_test.dart: more ids than one statement holds
00:02 +119: test/reference_targets_test.dart: more ids than one statement holds
00:02 +120: test/reference_targets_test.dart: more ids than one statement holds
00:02 +121: test/reference_targets_test.dart: more ids than one statement holds
00:02 +122: test/reference_targets_test.dart: more ids than one statement holds
00:02 +123: test/reference_targets_test.dart: more ids than one statement holds
00:02 +124: test/reference_targets_test.dart: more ids than one statement holds
00:02 +125: test/reference_targets_test.dart: more ids than one statement holds
00:02 +126: test/reference_targets_test.dart: more ids than one statement holds
00:02 +127: test/reference_targets_test.dart: more ids than one statement holds
00:02 +128: test/reference_targets_test.dart: more ids than one statement holds
00:02 +129: test/reference_targets_test.dart: more ids than one statement holds
00:02 +130: test/reference_targets_test.dart: more ids than one statement holds
00:02 +131: test/reference_targets_test.dart: more ids than one statement holds
00:02 +132: test/reference_targets_test.dart: more ids than one statement holds
00:02 +133: test/reference_targets_test.dart: more ids than one statement holds
00:02 +134: test/reference_targets_test.dart: more ids than one statement holds
00:02 +135: test/reference_targets_test.dart: more ids than one statement holds
00:02 +136: test/reference_targets_test.dart: more ids than one statement holds
00:02 +137: test/reference_targets_test.dart: more ids than one statement holds
00:02 +138: test/reference_targets_test.dart: more ids than one statement holds
00:02 +139: test/reference_targets_test.dart: more ids than one statement holds
00:02 +140: test/reference_targets_test.dart: more ids than one statement holds
00:02 +141: test/reference_targets_test.dart: more ids than one statement holds
00:02 +142: test/reference_targets_test.dart: more ids than one statement holds
00:02 +143: test/reference_targets_test.dart: more ids than one statement holds
00:02 +144: test/reference_targets_test.dart: more ids than one statement holds
00:02 +145: test/reference_targets_test.dart: more ids than one statement holds
00:02 +146: test/reference_targets_test.dart: more ids than one statement holds
00:02 +147: test/reference_targets_test.dart: more ids than one statement holds
00:02 +148: test/reference_targets_test.dart: more ids than one statement holds
00:02 +149: test/reference_targets_test.dart: more ids than one statement holds
00:02 +150: test/reference_targets_test.dart: more ids than one statement holds
00:02 +151: test/reference_targets_test.dart: more ids than one statement holds
00:02 +152: test/reference_targets_test.dart: more ids than one statement holds
00:02 +153: test/reference_targets_test.dart: more ids than one statement holds
00:02 +154: test/reference_targets_test.dart: more ids than one statement holds
00:02 +155: test/reference_targets_test.dart: more ids than one statement holds
00:02 +156: test/reference_targets_test.dart: more ids than one statement holds
00:02 +157: test/reference_targets_test.dart: more ids than one statement holds
00:02 +158: test/reference_targets_test.dart: more ids than one statement holds
00:02 +159: test/reference_targets_test.dart: more ids than one statement holds
00:03 +160: test/reference_targets_test.dart: more ids than one statement holds
00:03 +161: test/reference_targets_test.dart: more ids than one statement holds
00:03 +162: test/reference_targets_test.dart: more ids than one statement holds
00:03 +163: test/reference_targets_test.dart: more ids than one statement holds
00:03 +164: test/reference_targets_test.dart: more ids than one statement holds
00:03 +165: test/reference_targets_test.dart: more ids than one statement holds
00:03 +166: test/reference_targets_test.dart: more ids than one statement holds
00:03 +167: test/reference_targets_test.dart: more ids than one statement holds
00:03 +168: test/reference_targets_test.dart: more ids than one statement holds
00:03 +169: test/reference_targets_test.dart: more ids than one statement holds
00:03 +170: test/reference_targets_test.dart: more ids than one statement holds
00:03 +171: test/reference_targets_test.dart: more ids than one statement holds
00:03 +172: test/reference_targets_test.dart: more ids than one statement holds
00:03 +173: test/reference_targets_test.dart: more ids than one statement holds
00:03 +174: test/reference_targets_test.dart: more ids than one statement holds
00:03 +175: test/reference_targets_test.dart: more ids than one statement holds
00:03 +176: test/reference_targets_test.dart: more ids than one statement holds
00:03 +177: test/reference_targets_test.dart: more ids than one statement holds
00:03 +178: test/reference_targets_test.dart: more ids than one statement holds
00:03 +179: test/reference_targets_test.dart: more ids than one statement holds
00:03 +180: test/reference_targets_test.dart: more ids than one statement holds
00:03 +181: test/reference_targets_test.dart: more ids than one statement holds
00:03 +182: test/reference_targets_test.dart: more ids than one statement holds
00:03 +183: test/reference_targets_test.dart: more ids than one statement holds
00:03 +184: test/reference_targets_test.dart: more ids than one statement holds
00:03 +185: test/reference_targets_test.dart: more ids than one statement holds
00:03 +186: test/reference_targets_test.dart: more ids than one statement holds
00:03 +187: test/reference_targets_test.dart: more ids than one statement holds
00:03 +188: test/reference_targets_test.dart: more ids than one statement holds
00:03 +189: test/reference_targets_test.dart: more ids than one statement holds
00:03 +190: test/reference_targets_test.dart: more ids than one statement holds
00:03 +191: test/reference_targets_test.dart: more ids than one statement holds
00:03 +192: test/reference_targets_test.dart: more ids than one statement holds
00:03 +193: test/reference_targets_test.dart: more ids than one statement holds
00:03 +194: test/reference_targets_test.dart: more ids than one statement holds
00:03 +195: test/reference_targets_test.dart: more ids than one statement holds
00:03 +196: test/reference_targets_test.dart: more ids than one statement holds
00:03 +197: test/reference_targets_test.dart: more ids than one statement holds
00:03 +198: test/reference_targets_test.dart: more ids than one statement holds
00:04 +199: test/reference_targets_test.dart: more ids than one statement holds
00:04 +200: test/reference_targets_test.dart: more ids than one statement holds
00:04 +201: test/reference_targets_test.dart: more ids than one statement holds
00:04 +202: test/reference_targets_test.dart: more ids than one statement holds
00:04 +203: test/reference_targets_test.dart: more ids than one statement holds
00:04 +204: test/reindex_live_test.dart: a search during a rebuild answers from a whole index
00:04 +205: test/reindex_live_test.dart: a search during a rebuild answers from a whole index
00:04 +206: test/reindex_live_test.dart: a search during a rebuild answers from a whole index
00:04 +207: test/reindex_live_test.dart: a search during a rebuild answers from a whole index
00:04 +208: test/reindex_live_test.dart: a search during a rebuild answers from a whole index
00:04 +209: test/reindex_live_test.dart: a search during a rebuild answers from a whole index
00:04 +210: test/reindex_live_test.dart: a search during a rebuild answers from a whole index
00:04 +211: test/reindex_live_test.dart: a search during a rebuild answers from a whole index
00:04 +212: test/reindex_live_test.dart: a search during a rebuild answers from a whole index
00:04 +213: test/reindex_live_test.dart: a search during a rebuild answers from a whole index
00:04 +214: test/reindex_live_test.dart: a search during a rebuild answers from a whole index
00:04 +215: test/reindex_live_test.dart: a search during a rebuild answers from a whole index
00:04 +216: test/reindex_live_test.dart: a search during a rebuild answers from a whole index
00:04 +217: test/reindex_live_test.dart: a search during a rebuild answers from a whole index
00:04 +218: test/reindex_live_test.dart: a search during a rebuild answers from a whole index
00:04 +219: test/reindex_live_test.dart: a search during a rebuild answers from a whole index
00:04 +220: test/reindex_live_test.dart: a search during a rebuild answers from a whole index
00:04 +221: test/reindex_live_test.dart: a search during a rebuild answers from a whole index
00:04 +222: test/reindex_live_test.dart: a search during a rebuild answers from a whole index
00:04 +223: test/reindex_live_test.dart: a search during a rebuild answers from a whole index
00:04 +224: test/reindex_live_test.dart: a search during a rebuild answers from a whole index
00:04 +225: test/reindex_live_test.dart: a search during a rebuild answers from a whole index
00:04 +226: test/reindex_live_test.dart: a search during a rebuild answers from a whole index
00:04 +227: test/reindex_live_test.dart: a search during a rebuild answers from a whole index
00:04 +228: test/reindex_live_test.dart: a search during a rebuild answers from a whole index
00:04 +229: test/reindex_live_test.dart: a search during a rebuild answers from a whole index
00:04 +230: test/reindex_live_test.dart: a search during a rebuild answers from a whole index
00:04 +231: test/reindex_live_test.dart: a search during a rebuild answers from a whole index
00:04 +232: test/reindex_live_test.dart: a search during a rebuild answers from a whole index
00:04 +233: test/reindex_live_test.dart: a search during a rebuild answers from a whole index
00:04 +234: test/reindex_live_test.dart: a search during a rebuild answers from a whole index
00:04 +235: test/reindex_live_test.dart: a search during a rebuild answers from a whole index
00:04 +236: test/reindex_live_test.dart: a search during a rebuild answers from a whole index
00:04 +237: test/reindex_live_test.dart: a search during a rebuild answers from a whole index
00:04 +238: test/reindex_live_test.dart: a search during a rebuild answers from a whole index
00:05 +239: test/reindex_live_test.dart: a search during a rebuild answers from a whole index
00:05 +240: test/reindex_live_test.dart: a search during a rebuild answers from a whole index
00:05 +241: test/reindex_live_test.dart: a search during a rebuild answers from a whole index
00:05 +242: test/reindex_live_test.dart: a search during a rebuild answers from a whole index
00:05 +243: test/reindex_live_test.dart: a search during a rebuild answers from a whole index
00:05 +244: test/reindex_live_test.dart: a search during a rebuild answers from a whole index
00:05 +245: test/reindex_live_test.dart: a search during a rebuild answers from a whole index
00:05 +246: test/reindex_live_test.dart: a search during a rebuild answers from a whole index
00:05 +247: test/reindex_live_test.dart: a search during a rebuild answers from a whole index
00:05 +248: test/reindex_live_test.dart: a search during a rebuild answers from a whole index
00:05 +249: test/reindex_live_test.dart: a search during a rebuild answers from a whole index
00:05 +250: test/reindex_live_test.dart: a search during a rebuild answers from a whole index
00:05 +251: test/reindex_live_test.dart: a search during a rebuild answers from a whole index
00:05 +252: test/reindex_live_test.dart: a search during a rebuild answers from a whole index
00:05 +253: test/reindex_live_test.dart: a search during a rebuild answers from a whole index
00:05 +254: test/reindex_live_test.dart: a search during a rebuild answers from a whole index
00:05 +255: test/reindex_live_test.dart: a search during a rebuild answers from a whole index
00:05 +256: test/reindex_live_test.dart: a search during a rebuild answers from a whole index
00:05 +257: test/reindex_live_test.dart: a search during a rebuild answers from a whole index
00:05 +258: test/reindex_live_test.dart: a search during a rebuild answers from a whole index
00:05 +259: test/reindex_live_test.dart: a search during a rebuild answers from a whole index
00:05 +260: test/reindex_live_test.dart: a search during a rebuild answers from a whole index
00:05 +261: test/reindex_live_test.dart: a search during a rebuild answers from a whole index
00:05 +262: test/reindex_live_test.dart: a search during a rebuild answers from a whole index
00:05 +263: test/reindex_live_test.dart: a search during a rebuild answers from a whole index
00:05 +264: test/reindex_live_test.dart: a search during a rebuild answers from a whole index
00:05 +265: test/reindex_live_test.dart: a search during a rebuild answers from a whole index
00:05 +266: test/reindex_live_test.dart: a search during a rebuild answers from a whole index
00:05 +267: test/reindex_live_test.dart: a search during a rebuild answers from a whole index
00:05 +268: test/reindex_live_test.dart: a search during a rebuild answers from a whole index
00:05 +269: test/reindex_live_test.dart: a search during a rebuild answers from a whole index
00:05 +270: test/reindex_live_test.dart: a search during a rebuild answers from a whole index
00:05 +271: test/reindex_live_test.dart: a search during a rebuild answers from a whole index
00:05 +272: test/reindex_live_test.dart: a search during a rebuild answers from a whole index
00:05 +273: test/reindex_live_test.dart: a search during a rebuild answers from a whole index
00:05 +274: test/reindex_live_test.dart: a search during a rebuild answers from a whole index
00:05 +275: test/reindex_live_test.dart: a search during a rebuild answers from a whole index
00:05 +276: test/reindex_live_test.dart: a search during a rebuild answers from a whole index
00:05 +277: test/reindex_live_test.dart: a search during a rebuild answers from a whole index
00:05 +278: test/reindex_live_test.dart: a search during a rebuild answers from a whole index
00:05 +279: test/reindex_live_test.dart: a search during a rebuild answers from a whole index
00:06 +280: test/reindex_live_test.dart: a search during a rebuild answers from a whole index
00:06 +281: test/reindex_live_test.dart: a search during a rebuild answers from a whole index
00:06 +282: test/reindex_live_test.dart: a search during a rebuild answers from a whole index
00:06 +283: test/reindex_live_test.dart: a search during a rebuild answers from a whole index
00:06 +283: test/date_zone_independence_test.dart: a zone-less date matches the same under every zone
  Skip: starts a second dart process; run with --run-skipped -t zone
00:06 +283 ~1: test/reindex_live_test.dart: a search during a rebuild answers from a whole index
00:06 +284 ~1: test/reindex_live_test.dart: a search during a rebuild answers from a whole index
00:06 +285 ~1: test/reindex_live_test.dart: a search during a rebuild answers from a whole index
00:06 +286 ~1: test/reindex_live_test.dart: a search during a rebuild answers from a whole index
00:06 +287 ~1: test/reindex_live_test.dart: a search during a rebuild answers from a whole index
00:06 +288 ~1: test/reindex_live_test.dart: a search during a rebuild answers from a whole index
00:06 +289 ~1: test/reindex_live_test.dart: a search during a rebuild answers from a whole index
00:06 +289 ~1: test/review_integrity_test.dart: saveResources (findings 27, 28) is atomic: an indexing failure stores no resource
Error in saveResources: Bad state: index failed
00:06 +290 ~1: test/reindex_live_test.dart: a search during a rebuild answers from a whole index
00:06 +291 ~1: test/reindex_live_test.dart: a search during a rebuild answers from a whole index
00:06 +292 ~1: test/reindex_live_test.dart: a search during a rebuild answers from a whole index
00:06 +293 ~1: test/reindex_live_test.dart: a search during a rebuild answers from a whole index
00:06 +294 ~1: test/reindex_live_test.dart: a search during a rebuild answers from a whole index
00:06 +295 ~1: test/reindex_live_test.dart: a search during a rebuild answers from a whole index
00:06 +296 ~1: test/reindex_live_test.dart: a search during a rebuild answers from a whole index
00:06 +297 ~1: test/reindex_live_test.dart: a search during a rebuild answers from a whole index
00:06 +298 ~1: test/reindex_live_test.dart: a search during a rebuild answers from a whole index
00:06 +299 ~1: test/reindex_live_test.dart: a search during a rebuild answers from a whole index
00:06 +300 ~1: test/reindex_live_test.dart: a search during a rebuild answers from a whole index
00:06 +301 ~1: test/reindex_live_test.dart: a search during a rebuild answers from a whole index
00:06 +302 ~1: test/reindex_live_test.dart: a search during a rebuild answers from a whole index
00:06 +303 ~1: test/reindex_live_test.dart: a search during a rebuild answers from a whole index
00:06 +304 ~1: test/reindex_live_test.dart: a search during a rebuild answers from a whole index
00:06 +305 ~1: test/reindex_live_test.dart: a search during a rebuild answers from a whole index
00:06 +306 ~1: test/reindex_live_test.dart: a search during a rebuild answers from a whole index
00:06 +307 ~1: test/reindex_live_test.dart: a search during a rebuild answers from a whole index
00:06 +308 ~1: test/reindex_live_test.dart: a search during a rebuild answers from a whole index
00:06 +309 ~1: test/reindex_live_test.dart: a search during a rebuild answers from a whole index
00:06 +310 ~1: test/reindex_live_test.dart: a search during a rebuild answers from a whole index
00:06 +311 ~1: test/reindex_live_test.dart: a search during a rebuild answers from a whole index
00:06 +312 ~1: test/reindex_live_test.dart: a search during a rebuild answers from a whole index
00:06 +313 ~1: test/reindex_live_test.dart: a search during a rebuild answers from a whole index
00:06 +314 ~1: test/reindex_live_test.dart: a search during a rebuild answers from a whole index
00:06 +315 ~1: test/reindex_live_test.dart: a search during a rebuild answers from a whole index
00:06 +316 ~1: test/reindex_live_test.dart: a search during a rebuild answers from a whole index
00:06 +317 ~1: test/reindex_live_test.dart: a search during a rebuild answers from a whole index
00:06 +318 ~1: test/reindex_live_test.dart: a search during a rebuild answers from a whole index
00:07 +319 ~1: test/reindex_live_test.dart: a search during a rebuild answers from a whole index
00:07 +320 ~1: test/reindex_live_test.dart: a search during a rebuild answers from a whole index
00:07 +321 ~1: test/reindex_live_test.dart: a search during a rebuild answers from a whole index
00:07 +322 ~1: test/reindex_live_test.dart: a search during a rebuild answers from a whole index
00:07 +323 ~1: test/reindex_live_test.dart: a search during a rebuild answers from a whole index
00:07 +324 ~1: test/reindex_live_test.dart: a search during a rebuild answers from a whole index
00:07 +325 ~1: test/reindex_live_test.dart: a search during a rebuild answers from a whole index
00:07 +326 ~1: test/reindex_live_test.dart: a search during a rebuild answers from a whole index
00:07 +327 ~1: test/reindex_live_test.dart: a search during a rebuild answers from a whole index
00:07 +328 ~1: test/reindex_live_test.dart: a search during a rebuild answers from a whole index
00:07 +329 ~1: test/reindex_live_test.dart: a search during a rebuild answers from a whole index
00:07 +330 ~1: test/reindex_live_test.dart: a search during a rebuild answers from a whole index
00:07 +331 ~1: test/reindex_live_test.dart: a search during a rebuild answers from a whole index
00:07 +332 ~1: test/reindex_live_test.dart: a search during a rebuild answers from a whole index
00:07 +333 ~1: test/reindex_live_test.dart: a search during a rebuild answers from a whole index
00:07 +334 ~1: test/reindex_live_test.dart: a search during a rebuild answers from a whole index
00:07 +335 ~1: test/reindex_live_test.dart: a search during a rebuild answers from a whole index
00:07 +336 ~1: test/reindex_live_test.dart: a search during a rebuild answers from a whole index
00:07 +337 ~1: test/reindex_live_test.dart: a search during a rebuild answers from a whole index
00:07 +338 ~1: test/reindex_live_test.dart: a search during a rebuild answers from a whole index
00:07 +339 ~1: test/reindex_live_test.dart: a search during a rebuild answers from a whole index
00:07 +340 ~1: test/reindex_live_test.dart: a search during a rebuild answers from a whole index
00:07 +341 ~1: test/reindex_live_test.dart: a search during a rebuild answers from a whole index
00:07 +342 ~1: test/reindex_live_test.dart: a search during a rebuild answers from a whole index
00:07 +343 ~1: test/reindex_live_test.dart: a search during a rebuild answers from a whole index
00:07 +344 ~1: test/reindex_live_test.dart: a search during a rebuild answers from a whole index
00:07 +345 ~1: test/reindex_live_test.dart: a search during a rebuild answers from a whole index
00:07 +346 ~1: test/reindex_live_test.dart: a search during a rebuild answers from a whole index
00:07 +347 ~1: test/reindex_live_test.dart: a search during a rebuild answers from a whole index
00:07 +348 ~1: test/reindex_live_test.dart: a search during a rebuild answers from a whole index
00:07 +349 ~1: test/reindex_live_test.dart: a search during a rebuild answers from a whole index
00:07 +350 ~1: test/reindex_live_test.dart: a search during a rebuild answers from a whole index
00:07 +351 ~1: test/reindex_live_test.dart: a search during a rebuild answers from a whole index
00:07 +352 ~1: test/reindex_live_test.dart: a search during a rebuild answers from a whole index
00:07 +353 ~1: test/reindex_live_test.dart: a search during a rebuild answers from a whole index
00:07 +354 ~1: test/reindex_live_test.dart: a search during a rebuild answers from a whole index
00:07 +355 ~1: test/reindex_live_test.dart: a search during a rebuild answers from a whole index
00:07 +356 ~1: test/reindex_live_test.dart: a search during a rebuild answers from a whole index
00:07 +357 ~1: test/reindex_live_test.dart: a search during a rebuild answers from a whole index
00:07 +358 ~1: test/reindex_live_test.dart: a search during a rebuild answers from a whole index
00:07 +359 ~1: test/reindex_live_test.dart: a search during a rebuild answers from a whole index
00:07 +360 ~1: test/reindex_live_test.dart: a search during a rebuild answers from a whole index
00:07 +361 ~1: test/reindex_live_test.dart: a search during a rebuild answers from a whole index
00:07 +362 ~1: test/reindex_live_test.dart: a search during a rebuild answers from a whole index
00:07 +363 ~1: test/reindex_live_test.dart: a search during a rebuild answers from a whole index
00:07 +364 ~1: test/reindex_live_test.dart: a search during a rebuild answers from a whole index
00:07 +365 ~1: test/reindex_live_test.dart: a search during a rebuild answers from a whole index
00:07 +366 ~1: test/reindex_live_test.dart: a search during a rebuild answers from a whole index
00:07 +367 ~1: test/reindex_live_test.dart: a search during a rebuild answers from a whole index
00:07 +368 ~1: test/reindex_live_test.dart: a search during a rebuild answers from a whole index
00:07 +369 ~1: test/reindex_live_test.dart: a search during a rebuild answers from a whole index
00:07 +370 ~1: test/reindex_live_test.dart: a search during a rebuild answers from a whole index
00:07 +371 ~1: test/reindex_live_test.dart: a search during a rebuild answers from a whole index
00:07 +372 ~1: test/reindex_live_test.dart: a search during a rebuild answers from a whole index
00:07 +373 ~1: test/reindex_live_test.dart: a search during a rebuild answers from a whole index
00:07 +374 ~1: test/reindex_live_test.dart: a search during a rebuild answers from a whole index
00:07 +375 ~1: test/reindex_live_test.dart: a search during a rebuild answers from a whole index
00:07 +376 ~1: test/reindex_live_test.dart: a search during a rebuild answers from a whole index
00:07 +377 ~1: test/reindex_live_test.dart: a search during a rebuild answers from a whole index
00:07 +378 ~1: test/reindex_live_test.dart: a search during a rebuild answers from a whole index
00:07 +379 ~1: test/reindex_live_test.dart: a search during a rebuild answers from a whole index
00:08 +380 ~1: test/reindex_live_test.dart: a search during a rebuild answers from a whole index
00:08 +381 ~1: test/reindex_live_test.dart: a search during a rebuild answers from a whole index
00:08 +382 ~1: test/reindex_live_test.dart: a search during a rebuild answers from a whole index
00:08 +383 ~1: test/reindex_live_test.dart: a search during a rebuild answers from a whole index
00:08 +384 ~1: test/reindex_live_test.dart: a search during a rebuild answers from a whole index
00:08 +385 ~1: test/reindex_live_test.dart: a search during a rebuild answers from a whole index
00:08 +386 ~1: test/reindex_live_test.dart: a search during a rebuild answers from a whole index
00:08 +387 ~1: test/reindex_live_test.dart: a search during a rebuild answers from a whole index
00:08 +388 ~1: test/reindex_live_test.dart: a search during a rebuild answers from a whole index
00:08 +389 ~1: test/reindex_live_test.dart: a search during a rebuild answers from a whole index
00:08 +390 ~1: test/reindex_live_test.dart: a search during a rebuild answers from a whole index
00:08 +391 ~1: test/reindex_live_test.dart: a search during a rebuild answers from a whole index
00:08 +392 ~1: test/reindex_live_test.dart: a search during a rebuild answers from a whole index
00:08 +393 ~1: test/reindex_live_test.dart: a search during a rebuild answers from a whole index
00:08 +394 ~1: test/reindex_live_test.dart: a search during a rebuild answers from a whole index
00:08 +395 ~1: test/reindex_live_test.dart: a search during a rebuild answers from a whole index
00:08 +396 ~1: test/reindex_live_test.dart: a search during a rebuild answers from a whole index
00:08 +397 ~1: test/reindex_live_test.dart: a search during a rebuild answers from a whole index
00:08 +398 ~1: test/reindex_live_test.dart: a search during a rebuild answers from a whole index
00:08 +399 ~1: test/reindex_live_test.dart: a search during a rebuild answers from a whole index
00:08 +400 ~1: test/reindex_live_test.dart: a search during a rebuild answers from a whole index
00:08 +401 ~1: test/reindex_live_test.dart: a search during a rebuild answers from a whole index
00:08 +402 ~1: test/reindex_live_test.dart: a search during a rebuild answers from a whole index
00:08 +403 ~1: test/reindex_live_test.dart: a search during a rebuild answers from a whole index
00:08 +404 ~1: test/reindex_live_test.dart: a search during a rebuild answers from a whole index
00:08 +405 ~1: test/reindex_live_test.dart: a search during a rebuild answers from a whole index
00:08 +406 ~1: test/reindex_live_test.dart: a search during a rebuild answers from a whole index
00:08 +407 ~1: test/reindex_live_test.dart: a search during a rebuild answers from a whole index
00:08 +408 ~1: test/reindex_live_test.dart: a search during a rebuild answers from a whole index
00:08 +408 ~1: test/indexing_failure_test.dart: saveResources reports a failed bulk index as false
Error in saveResources: Bad state: index is broken
00:08 +409 ~1: test/reindex_live_test.dart: a search during a rebuild answers from a whole index
00:08 +409 ~1: test/fhir_db_test.dart: (setUpAll)
Database initialized
00:08 +409 ~1: test/reindex_live_test.dart: a search during a rebuild answers from a whole index
00:09 +410 ~1: test/reindex_live_test.dart: a search during a rebuild answers from a whole index
00:09 +411 ~1: test/reindex_live_test.dart: a search during a rebuild answers from a whole index
00:09 +412 ~1: test/reindex_live_test.dart: a search during a rebuild answers from a whole index
00:09 +413 ~1: test/reindex_live_test.dart: a search during a rebuild answers from a whole index
00:09 +414 ~1: test/reindex_live_test.dart: a search during a rebuild answers from a whole index
00:09 +415 ~1: test/reindex_live_test.dart: a search during a rebuild answers from a whole index
00:09 +416 ~1: test/reindex_live_test.dart: a search during a rebuild answers from a whole index
00:09 +417 ~1: test/reindex_live_test.dart: a search during a rebuild answers from a whole index
00:09 +418 ~1: test/reindex_live_test.dart: a search during a rebuild answers from a whole index
00:09 +419 ~1: test/reindex_live_test.dart: a search during a rebuild answers from a whole index
00:09 +420 ~1: test/reindex_live_test.dart: a search during a rebuild answers from a whole index
00:09 +421 ~1: test/reindex_live_test.dart: a search during a rebuild answers from a whole index
00:09 +422 ~1: test/reindex_live_test.dart: a search during a rebuild answers from a whole index
00:09 +423 ~1: test/reindex_live_test.dart: a search during a rebuild answers from a whole index
00:09 +424 ~1: test/reindex_live_test.dart: a search during a rebuild answers from a whole index
00:09 +425 ~1: test/reindex_live_test.dart: a search during a rebuild answers from a whole index
00:09 +426 ~1: test/reindex_live_test.dart: a search during a rebuild answers from a whole index
00:09 +427 ~1: test/reindex_live_test.dart: a search during a rebuild answers from a whole index
00:09 +428 ~1: test/reindex_live_test.dart: a search during a rebuild answers from a whole index
00:09 +429 ~1: test/reindex_live_test.dart: a search during a rebuild answers from a whole index
00:09 +430 ~1: test/reindex_live_test.dart: a search during a rebuild answers from a whole index
00:09 +431 ~1: test/reindex_live_test.dart: a search during a rebuild answers from a whole index
00:09 +432 ~1: test/reindex_live_test.dart: a search during a rebuild answers from a whole index
00:09 +433 ~1: test/reindex_live_test.dart: a search during a rebuild answers from a whole index
00:09 +434 ~1: test/reindex_live_test.dart: a search during a rebuild answers from a whole index
00:09 +435 ~1: test/reindex_live_test.dart: a search during a rebuild answers from a whole index
00:09 +436 ~1: test/reindex_live_test.dart: a search during a rebuild answers from a whole index
00:09 +437 ~1: test/reindex_live_test.dart: a search during a rebuild answers from a whole index
00:09 +438 ~1: test/reindex_live_test.dart: a search during a rebuild answers from a whole index
00:09 +439 ~1: test/reindex_live_test.dart: a search during a rebuild answers from a whole index
00:09 +440 ~1: test/reindex_live_test.dart: a search during a rebuild answers from a whole index
00:09 +440 ~1: test/fhir_db_test.dart: Encrypted Database: CRUD with cipherSetup()
WARNING (drift): It looks like you've created the database class FhirDb multiple times. When these two databases use the same QueryExecutor, race conditions will occur and might corrupt the database. 
Try to follow the advice at https://drift.simonbinder.eu/faq/#using-the-database or, if you know what you're doing, set driftRuntimeOptions.dontWarnAboutMultipleDatabases = true
Here is the stacktrace from when the database was opened a second time:
#0      GeneratedDatabase._handleInstantiated (package:drift/src/runtime/api/db_base.dart:96:30)
#1      GeneratedDatabase._whenConstructed (package:drift/src/runtime/api/db_base.dart:73:12)
#2      new GeneratedDatabase (package:drift/src/runtime/api/db_base.dart:64:5)
#3      new _$FhirDb (package:fhir_db/src/fhir_db.g.dart:6605:31)
#4      new FhirDb (package:fhir_db/src/fhir_db.dart)
#5      new FhirDb (package:fhir_r4_db/src/fhir_db.dart:14:21)
#6      main.<anonymous closure>.<anonymous closure> (file:///home/grey/dev/fhir/fhir_r4/packages/fhir_r4_db/test/fhir_db_test.dart:255:21)
#7      Declarer.test.<anonymous closure>.<anonymous closure> (package:test_api/src/backend/declarer.dart:253:25)
<asynchronous suspension>
#8      Declarer.test.<anonymous closure> (package:test_api/src/backend/declarer.dart:250:11)
<asynchronous suspension>
#9      Invoker._waitForOutstandingCallbacks.<anonymous closure> (package:test_api/src/backend/invoker.dart:318:9)
<asynchronous suspension>
This warning will only appear on debug builds.
00:09 +441 ~1: test/reindex_live_test.dart: a search during a rebuild answers from a whole index
00:09 +442 ~1: test/reindex_live_test.dart: a search during a rebuild answers from a whole index
00:09 +443 ~1: test/reindex_live_test.dart: a search during a rebuild answers from a whole index
00:09 +444 ~1: test/reindex_live_test.dart: a search during a rebuild answers from a whole index
00:09 +445 ~1: test/reindex_live_test.dart: a search during a rebuild answers from a whole index
00:09 +446 ~1: test/reindex_live_test.dart: a search during a rebuild answers from a whole index
00:09 +447 ~1: test/reindex_live_test.dart: a search during a rebuild answers from a whole index
00:09 +448 ~1: test/reindex_live_test.dart: a search during a rebuild answers from a whole index
00:09 +449 ~1: test/reindex_live_test.dart: a search during a rebuild answers from a whole index
00:09 +450 ~1: test/reindex_live_test.dart: a search during a rebuild answers from a whole index
00:09 +451 ~1: test/reindex_live_test.dart: a search during a rebuild answers from a whole index
00:09 +452 ~1: test/reindex_live_test.dart: a search during a rebuild answers from a whole index
00:09 +453 ~1: test/reindex_live_test.dart: a search during a rebuild answers from a whole index
00:09 +454 ~1: test/reindex_live_test.dart: a search during a rebuild answers from a whole index
00:09 +455 ~1: test/reindex_live_test.dart: a search during a rebuild answers from a whole index
00:09 +456 ~1: test/reindex_live_test.dart: a search during a rebuild answers from a whole index
00:10 +457 ~1: test/reindex_live_test.dart: a search during a rebuild answers from a whole index
00:12 +458 ~1: test/reindex_live_test.dart: a search during a rebuild answers from a whole index
00:13 +459 ~1: test/reindex_live_test.dart: a search during a rebuild answers from a whole index
00:14 +460 ~1: test/reindex_live_test.dart: a search during a rebuild answers from a whole index
00:30 +461 ~1: test/schema_migration_test.dart: an existing schema-4 database opens, and its index is rebuilt
00:30 +462 ~1: test/planner_statistics_test.dart: opening a database with data but no statistics analyses it
00:30 +463 ~1: test/planner_statistics_test.dart: opening a database with data but no statistics analyses it
00:30 +464 ~1: test/planner_statistics_test.dart: opening a database with data but no statistics analyses it
00:30 +464 ~1: test/fhir_db_test.dart: More Complicated Searching (& Resources)
Found 10 resources in total of 15 ms
00:30 +465 ~1: test/planner_statistics_test.dart: opening a database with data but no statistics analyses it
00:35 +466 ~1: test/planner_statistics_test.dart: opening a database with data but no statistics analyses it
00:35 +467 ~1: test/planner_statistics_test.dart: opening a database with data but no statistics analyses it
00:39 +468 ~1: test/planner_statistics_test.dart: opening a database with data but no statistics analyses it
00:40 +469 ~1: test/planner_statistics_test.dart: opening a database with data but no statistics analyses it
00:45 +470 ~1: test/planner_statistics_test.dart: opening a database with data but no statistics analyses it
00:45 +471 ~1: test/schema_migration_test.dart: the planner has statistics once the database is open
00:45 +472 ~1: test/schema_migration_test.dart: the planner has statistics once the database is open
00:45 +473 ~1: test/schema_migration_test.dart: the planner has statistics once the database is open
00:46 +474 ~1: test/schema_migration_test.dart: after upgrading, two parameters can share one path
00:49 +475 ~1: test/schema_migration_test.dart: a resource saved after the upgrade indexes and is searchable
00:51 +476 ~1: test/schema_migration_test.dart: a version-7 database gains the contained-row partial indexes
00:53 +477 ~1: test/schema_migration_test.dart: a version-8 database has its search index rebuilt
00:55 +478 ~1: test/schema_migration_test.dart: a version-11 database stores its open date bounds as sentinels
00:56 +479 ~1: test/schema_migration_test.dart: a version-10 database stores its open bounds as infinity
00:58 +480 ~1: test/schema_migration_test.dart: a version-9 database loses search_path, its key and the old indexes
00:59 +481 ~1: All tests passed!
test exit=0
