Formatted 45 files (0 changed) in 0.40 seconds.
format exit=0
Analyzing fhir_r5_db...
No issues found!
analyze exit=0
Running build hooks...Running build hooks...00:00 +0: loading test/value_set_not_evaluable_test.dart
00:00 +0: test/value_set_not_evaluable_test.dart: :in refuses a ValueSet the store does not hold
00:00 +1: test/date_range_test.dart: open bounds are stored as the sentinels, never NULL
00:00 +2: test/date_range_test.dart: open bounds are stored as the sentinels, never NULL
00:00 +3: test/date_range_test.dart: open bounds are stored as the sentinels, never NULL
00:00 +4: test/date_range_test.dart: open bounds are stored as the sentinels, never NULL
00:00 +5: test/date_range_test.dart: open bounds are stored as the sentinels, never NULL
00:00 +6: test/date_range_test.dart: open bounds are stored as the sentinels, never NULL
00:00 +7: test/date_range_test.dart: open bounds are stored as the sentinels, never NULL
00:00 +8: test/date_range_test.dart: open bounds are stored as the sentinels, never NULL
00:00 +9: test/date_range_test.dart: open bounds are stored as the sentinels, never NULL
00:00 +10: test/date_range_test.dart: open bounds are stored as the sentinels, never NULL
00:00 +11: test/date_range_test.dart: open bounds are stored as the sentinels, never NULL
00:00 +12: test/date_range_test.dart: open bounds are stored as the sentinels, never NULL
00:00 +13: test/date_range_test.dart: open bounds are stored as the sentinels, never NULL
00:00 +14: test/date_range_test.dart: open bounds are stored as the sentinels, never NULL
00:00 +15: test/date_range_test.dart: open bounds are stored as the sentinels, never NULL
00:00 +16: test/date_range_test.dart: open bounds are stored as the sentinels, never NULL
00:00 +17: test/date_range_test.dart: open bounds are stored as the sentinels, never NULL
00:00 +18: test/date_range_test.dart: open bounds are stored as the sentinels, never NULL
00:00 +19: test/hygiene_test.dart: :in refuses a compose with include.filter
00:00 +20: test/hygiene_test.dart: :in refuses a compose with include.filter
00:00 +21: test/hygiene_test.dart: :in refuses a compose with include.filter
00:00 +22: test/hygiene_test.dart: :in refuses a compose with include.filter
00:00 +23: test/hygiene_test.dart: :in refuses a compose with include.filter
00:00 +24: test/hygiene_test.dart: :in refuses a compose with include.filter
00:00 +25: test/hygiene_test.dart: :in refuses a compose with include.filter
00:00 +26: test/reference_targets_test.dart: follows the search parameter, not the element name
00:00 +27: test/reference_targets_test.dart: follows the search parameter, not the element name
00:00 +28: test/reference_targets_test.dart: follows the search parameter, not the element name
00:00 +29: test/reference_targets_test.dart: follows the search parameter, not the element name
00:00 +30: test/reference_targets_test.dart: follows the search parameter, not the element name
00:00 +31: test/reference_targets_test.dart: follows the search parameter, not the element name
00:00 +32: test/reference_targets_test.dart: follows the search parameter, not the element name
00:00 +33: test/reference_targets_test.dart: follows the search parameter, not the element name
00:00 +34: test/reference_targets_test.dart: follows the search parameter, not the element name
00:00 +35: test/reference_targets_test.dart: follows the search parameter, not the element name
00:00 +36: test/reference_targets_test.dart: follows the search parameter, not the element name
00:00 +37: test/reference_targets_test.dart: follows the search parameter, not the element name
00:01 +38: test/reference_targets_test.dart: follows the search parameter, not the element name
00:01 +39: test/reference_targets_test.dart: follows the search parameter, not the element name
00:01 +40: test/reference_targets_test.dart: follows the search parameter, not the element name
00:01 +41: test/reference_targets_test.dart: follows the search parameter, not the element name
00:01 +42: test/reference_targets_test.dart: follows the search parameter, not the element name
00:01 +43: test/reference_targets_test.dart: follows the search parameter, not the element name
00:01 +44: test/reference_targets_test.dart: follows the search parameter, not the element name
00:01 +45: test/search_compartment_test.dart: every parameter the definition names puts a resource in
00:01 +46: test/search_compartment_test.dart: every parameter the definition names puts a resource in
00:01 +47: test/search_compartment_test.dart: every parameter the definition names puts a resource in
00:01 +48: test/search_compartment_test.dart: every parameter the definition names puts a resource in
00:01 +49: test/search_compartment_test.dart: every parameter the definition names puts a resource in
00:01 +50: test/search_compartment_test.dart: every parameter the definition names puts a resource in
00:01 +51: test/search_compartment_test.dart: every parameter the definition names puts a resource in
00:01 +52: test/reference_targets_test.dart: more ids than one statement holds
00:01 +53: test/reference_targets_test.dart: more ids than one statement holds
00:01 +54: test/reference_targets_test.dart: more ids than one statement holds
00:01 +55: test/reference_targets_test.dart: more ids than one statement holds
00:01 +56: test/reference_targets_test.dart: more ids than one statement holds
00:01 +57: test/reference_targets_test.dart: more ids than one statement holds
00:01 +58: test/reference_targets_test.dart: more ids than one statement holds
00:01 +59: test/reference_targets_test.dart: more ids than one statement holds
00:01 +60: test/reference_targets_test.dart: more ids than one statement holds
00:01 +61: test/reference_targets_test.dart: more ids than one statement holds
00:01 +62: test/reference_targets_test.dart: more ids than one statement holds
00:01 +63: test/reference_targets_test.dart: more ids than one statement holds
00:01 +64: test/reference_targets_test.dart: more ids than one statement holds
00:01 +65: test/reference_targets_test.dart: more ids than one statement holds
00:02 +66: test/reference_targets_test.dart: more ids than one statement holds
00:02 +67: test/reference_targets_test.dart: more ids than one statement holds
00:02 +68: test/reference_targets_test.dart: more ids than one statement holds
00:02 +69: test/reference_targets_test.dart: more ids than one statement holds
00:02 +70: test/reference_targets_test.dart: more ids than one statement holds
00:02 +71: test/reference_targets_test.dart: more ids than one statement holds
00:02 +72: test/reference_targets_test.dart: more ids than one statement holds
00:02 +73: test/reference_targets_test.dart: more ids than one statement holds
00:02 +74: test/reference_targets_test.dart: more ids than one statement holds
00:02 +75: test/reference_targets_test.dart: more ids than one statement holds
00:02 +76: test/reference_targets_test.dart: more ids than one statement holds
00:02 +77: test/reference_targets_test.dart: more ids than one statement holds
00:02 +78: test/reference_targets_test.dart: more ids than one statement holds
00:02 +79: test/reference_targets_test.dart: more ids than one statement holds
00:02 +80: test/reference_targets_test.dart: more ids than one statement holds
00:02 +81: test/reference_targets_test.dart: more ids than one statement holds
00:02 +82: test/reference_targets_test.dart: more ids than one statement holds
00:02 +83: test/reference_targets_test.dart: more ids than one statement holds
00:02 +84: test/reference_targets_test.dart: more ids than one statement holds
00:02 +85: test/reference_targets_test.dart: more ids than one statement holds
00:02 +86: test/reference_targets_test.dart: more ids than one statement holds
00:02 +87: test/reference_targets_test.dart: more ids than one statement holds
00:02 +88: test/reference_targets_test.dart: more ids than one statement holds
00:02 +89: test/reference_targets_test.dart: more ids than one statement holds
00:02 +90: test/reference_targets_test.dart: more ids than one statement holds
00:02 +91: test/reference_targets_test.dart: more ids than one statement holds
00:02 +92: test/reference_targets_test.dart: more ids than one statement holds
00:02 +93: test/reference_targets_test.dart: more ids than one statement holds
00:02 +94: test/reference_targets_test.dart: more ids than one statement holds
00:02 +95: test/reference_targets_test.dart: more ids than one statement holds
00:02 +96: test/reference_targets_test.dart: more ids than one statement holds
00:02 +97: test/reference_targets_test.dart: more ids than one statement holds
00:02 +98: test/reference_targets_test.dart: more ids than one statement holds
00:02 +99: test/reference_targets_test.dart: more ids than one statement holds
00:02 +100: test/reference_targets_test.dart: more ids than one statement holds
00:02 +101: test/reference_targets_test.dart: more ids than one statement holds
00:02 +102: test/reference_targets_test.dart: more ids than one statement holds
00:02 +103: test/reference_targets_test.dart: more ids than one statement holds
00:02 +104: test/reference_targets_test.dart: more ids than one statement holds
00:02 +105: test/reference_targets_test.dart: more ids than one statement holds
00:02 +106: test/reference_targets_test.dart: more ids than one statement holds
00:02 +107: test/reference_targets_test.dart: more ids than one statement holds
00:02 +108: test/reference_targets_test.dart: more ids than one statement holds
00:02 +109: test/reference_targets_test.dart: more ids than one statement holds
00:02 +110: test/reference_targets_test.dart: more ids than one statement holds
00:02 +111: test/reference_targets_test.dart: more ids than one statement holds
00:02 +112: test/reference_targets_test.dart: more ids than one statement holds
00:02 +113: test/reference_targets_test.dart: more ids than one statement holds
00:02 +114: test/reference_targets_test.dart: more ids than one statement holds
00:02 +115: test/reference_targets_test.dart: more ids than one statement holds
00:02 +116: test/reference_targets_test.dart: more ids than one statement holds
00:02 +117: test/reference_targets_test.dart: more ids than one statement holds
00:02 +118: test/reference_targets_test.dart: more ids than one statement holds
00:02 +119: test/reference_targets_test.dart: more ids than one statement holds
00:02 +120: test/reference_targets_test.dart: more ids than one statement holds
00:02 +121: test/reference_targets_test.dart: more ids than one statement holds
00:02 +122: test/reference_targets_test.dart: more ids than one statement holds
00:02 +123: test/reference_targets_test.dart: more ids than one statement holds
00:02 +124: test/reference_targets_test.dart: more ids than one statement holds
00:02 +125: test/reference_targets_test.dart: more ids than one statement holds
00:02 +126: test/reference_targets_test.dart: more ids than one statement holds
00:02 +127: test/reference_targets_test.dart: more ids than one statement holds
00:02 +128: test/reference_targets_test.dart: more ids than one statement holds
00:02 +129: test/reference_targets_test.dart: more ids than one statement holds
00:02 +130: test/reference_targets_test.dart: more ids than one statement holds
00:02 +131: test/reference_targets_test.dart: more ids than one statement holds
00:02 +132: test/reference_targets_test.dart: more ids than one statement holds
00:02 +133: test/reference_targets_test.dart: more ids than one statement holds
00:02 +134: test/reference_targets_test.dart: more ids than one statement holds
00:02 +135: test/reference_targets_test.dart: more ids than one statement holds
00:03 +136: test/reference_targets_test.dart: more ids than one statement holds
00:03 +137: test/reference_targets_test.dart: more ids than one statement holds
00:03 +138: test/reference_targets_test.dart: more ids than one statement holds
00:03 +139: test/reference_targets_test.dart: more ids than one statement holds
00:03 +140: test/reference_targets_test.dart: more ids than one statement holds
00:03 +141: test/reference_targets_test.dart: more ids than one statement holds
00:03 +142: test/reference_targets_test.dart: more ids than one statement holds
00:03 +143: test/reference_targets_test.dart: more ids than one statement holds
00:03 +144: test/reference_targets_test.dart: more ids than one statement holds
00:03 +145: test/reference_targets_test.dart: more ids than one statement holds
00:03 +146: test/reference_targets_test.dart: more ids than one statement holds
00:03 +147: test/reference_targets_test.dart: more ids than one statement holds
00:03 +148: test/reference_targets_test.dart: more ids than one statement holds
00:03 +149: test/reference_targets_test.dart: more ids than one statement holds
00:03 +150: test/reference_targets_test.dart: more ids than one statement holds
00:03 +151: test/reference_targets_test.dart: more ids than one statement holds
00:03 +152: test/reference_targets_test.dart: more ids than one statement holds
00:03 +153: test/reference_targets_test.dart: more ids than one statement holds
00:03 +154: test/reference_targets_test.dart: more ids than one statement holds
00:03 +155: test/reference_targets_test.dart: more ids than one statement holds
00:03 +156: test/reference_targets_test.dart: more ids than one statement holds
00:03 +157: test/reference_targets_test.dart: more ids than one statement holds
00:03 +158: test/reference_targets_test.dart: more ids than one statement holds
00:03 +159: test/reindex_live_test.dart: a search during a rebuild answers from a whole index
00:03 +160: test/reindex_live_test.dart: a search during a rebuild answers from a whole index
00:03 +161: test/reindex_live_test.dart: a search during a rebuild answers from a whole index
00:03 +162: test/reindex_live_test.dart: a search during a rebuild answers from a whole index
00:03 +163: test/reindex_live_test.dart: a search during a rebuild answers from a whole index
00:03 +164: test/reindex_live_test.dart: a search during a rebuild answers from a whole index
00:03 +165: test/reindex_live_test.dart: a search during a rebuild answers from a whole index
00:03 +166: test/reindex_live_test.dart: a search during a rebuild answers from a whole index
00:03 +167: test/reindex_live_test.dart: a search during a rebuild answers from a whole index
00:03 +168: test/reindex_live_test.dart: a search during a rebuild answers from a whole index
00:03 +169: test/reindex_live_test.dart: a search during a rebuild answers from a whole index
00:03 +170: test/reindex_live_test.dart: a search during a rebuild answers from a whole index
00:03 +171: test/reindex_live_test.dart: a search during a rebuild answers from a whole index
00:03 +172: test/reindex_live_test.dart: a search during a rebuild answers from a whole index
00:03 +173: test/reindex_live_test.dart: a search during a rebuild answers from a whole index
00:03 +174: test/reindex_live_test.dart: a search during a rebuild answers from a whole index
00:03 +175: test/reindex_live_test.dart: a search during a rebuild answers from a whole index
00:03 +176: test/reindex_live_test.dart: a search during a rebuild answers from a whole index
00:03 +177: test/reindex_live_test.dart: a search during a rebuild answers from a whole index
00:03 +178: test/reindex_live_test.dart: a search during a rebuild answers from a whole index
00:03 +179: test/reindex_live_test.dart: a search during a rebuild answers from a whole index
00:03 +180: test/reindex_live_test.dart: a search during a rebuild answers from a whole index
00:03 +181: test/reindex_live_test.dart: a search during a rebuild answers from a whole index
00:03 +182: test/reindex_live_test.dart: a search during a rebuild answers from a whole index
00:03 +183: test/reindex_live_test.dart: a search during a rebuild answers from a whole index
00:03 +184: test/reindex_live_test.dart: a search during a rebuild answers from a whole index
00:03 +185: test/reindex_live_test.dart: a search during a rebuild answers from a whole index
00:03 +186: test/reindex_live_test.dart: a search during a rebuild answers from a whole index
00:03 +187: test/reindex_live_test.dart: a search during a rebuild answers from a whole index
00:03 +188: test/reindex_live_test.dart: a search during a rebuild answers from a whole index
00:03 +189: test/reindex_live_test.dart: a search during a rebuild answers from a whole index
00:03 +190: test/reindex_live_test.dart: a search during a rebuild answers from a whole index
00:03 +191: test/reindex_live_test.dart: a search during a rebuild answers from a whole index
00:03 +192: test/reindex_live_test.dart: a search during a rebuild answers from a whole index
00:03 +193: test/reindex_live_test.dart: a search during a rebuild answers from a whole index
00:04 +194: test/reindex_live_test.dart: a search during a rebuild answers from a whole index
00:04 +195: test/reindex_live_test.dart: a search during a rebuild answers from a whole index
00:04 +196: test/reindex_live_test.dart: a search during a rebuild answers from a whole index
00:04 +197: test/reindex_live_test.dart: a search during a rebuild answers from a whole index
