Running build hooks...Running build hooks...00:00 +0: loading test/handlers/restore_over_socket_test.dart
00:00 +0: a backup downloaded from one server restores into another
WARNING (drift): It looks like you've created the database class FhirAntDb multiple times. When these two databases use the same QueryExecutor, race conditions will occur and might corrupt the database. 
Try to follow the advice at https://drift.simonbinder.eu/faq/#using-the-database or, if you know what you're doing, set driftRuntimeOptions.dontWarnAboutMultipleDatabases = true
Here is the stacktrace from when the database was opened a second time:
#0      GeneratedDatabase._handleInstantiated (package:drift/src/runtime/api/db_base.dart:96:30)
#1      GeneratedDatabase._whenConstructed (package:drift/src/runtime/api/db_base.dart:73:12)
#2      new GeneratedDatabase (package:drift/src/runtime/api/db_base.dart:64:5)
#3      new _$FhirDb (package:fhir_db/src/fhir_db.g.dart:6605:31)
#4      new FhirDb (package:fhir_db/src/fhir_db.dart)
#5      new FhirDb (package:fhir_r4_db/src/fhir_db.dart:14:21)
#6      new FhirAntDb (package:fhirant_db/db/fhirant_db.dart)
#7      main.store (file:///home/grey/dev/fhir/fhirant/packages/fhirant_server/test/handlers/restore_over_socket_test.dart:28:16)
#8      main.<anonymous closure> (file:///home/grey/dev/fhir/fhirant/packages/fhirant_server/test/handlers/restore_over_socket_test.dart:52:20)
<asynchronous suspension>
#9      Future._kTrue (dart:async/future.dart:702:3)
<asynchronous suspension>
#10     _CustomZone.bindUnaryCallbackGuarded.<anonymous closure> (dart:async/zone.dart:748:12)
<asynchronous suspension>
This warning will only appear on debug builds.
00:03 +1: an empty body is a 400, not a 500
WARNING (drift): It looks like you've created the database class FhirAntDb multiple times. When these two databases use the same QueryExecutor, race conditions will occur and might corrupt the database. 
Try to follow the advice at https://drift.simonbinder.eu/faq/#using-the-database or, if you know what you're doing, set driftRuntimeOptions.dontWarnAboutMultipleDatabases = true
Here is the stacktrace from when the database was opened a second time:
#0      GeneratedDatabase._handleInstantiated (package:drift/src/runtime/api/db_base.dart:96:30)
#1      GeneratedDatabase._whenConstructed (package:drift/src/runtime/api/db_base.dart:73:12)
#2      new GeneratedDatabase (package:drift/src/runtime/api/db_base.dart:64:5)
#3      new _$FhirDb (package:fhir_db/src/fhir_db.g.dart:6605:31)
#4      new FhirDb (package:fhir_db/src/fhir_db.dart)
#5      new FhirDb (package:fhir_r4_db/src/fhir_db.dart:14:21)
#6      new FhirAntDb (package:fhirant_db/db/fhirant_db.dart)
#7      main.store (file:///home/grey/dev/fhir/fhirant/packages/fhirant_server/test/handlers/restore_over_socket_test.dart:28:16)
#8      main.<anonymous closure> (file:///home/grey/dev/fhir/fhirant/packages/fhirant_server/test/handlers/restore_over_socket_test.dart:52:20)
<asynchronous suspension>
#9      Future._kTrue (dart:async/future.dart:702:3)
<asynchronous suspension>
#10     _CustomZone.bindUnaryCallbackGuarded.<anonymous closure> (dart:async/zone.dart:748:12)
<asynchronous suspension>
This warning will only appear on debug builds.
00:05 +2: All tests passed!
