Running build hooks...Running build hooks...00:00 +0: loading test/services/backup_production_store_test.dart
00:00 +0: the store function sets what the stores have always been opened with
00:00 +1: a production store backs up and restores into a production store
WARNING (drift): It looks like you've created the database class FhirAntDb multiple times. When these two databases use the same QueryExecutor, race conditions will occur and might corrupt the database. 
Try to follow the advice at https://drift.simonbinder.eu/faq/#using-the-database or, if you know what you're doing, set driftRuntimeOptions.dontWarnAboutMultipleDatabases = true
Here is the stacktrace from when the database was opened a second time:
#0      GeneratedDatabase._handleInstantiated (package:drift/src/runtime/api/db_base.dart:96:30)
#1      GeneratedDatabase._whenConstructed (package:drift/src/runtime/api/db_base.dart:73:12)
#2      new GeneratedDatabase (package:drift/src/runtime/api/db_base.dart:64:5)
#3      new _$FhirDb (package:fhir_db/src/fhir_db.g.dart:6605:31)
#4      new FhirDb (package:fhir_db/src/fhir_db.dart)
#5      new FhirDb (package:fhir_r4_db/src/fhir_db.dart:14:21)
#6      new FhirAntDb (package:fhirant_db/db/fhirant_db.dart)
#7      main.production (file:///home/grey/dev/fhir/fhirant/packages/fhirant_server/test/services/backup_production_store_test.dart:42:16)
#8      main.<anonymous closure> (file:///home/grey/dev/fhir/fhirant/packages/fhirant_server/test/services/backup_production_store_test.dart:99:26)
<asynchronous suspension>
#9      Declarer.test.<anonymous closure>.<anonymous closure> (package:test_api/src/backend/declarer.dart:253:15)
<asynchronous suspension>
#10     Declarer.test.<anonymous closure> (package:test_api/src/backend/declarer.dart:250:11)
<asynchronous suspension>
#11     Invoker._waitForOutstandingCallbacks.<anonymous closure> (package:test_api/src/backend/invoker.dart:318:9)
<asynchronous suspension>
This warning will only appear on debug builds.
00:02 +2: a backup written from a WAL store is one plain file, not WAL
00:03 +3: the backup is one format whatever store wrote it
WARNING (drift): It looks like you've created the database class FhirAntDb multiple times. When these two databases use the same QueryExecutor, race conditions will occur and might corrupt the database. 
Try to follow the advice at https://drift.simonbinder.eu/faq/#using-the-database or, if you know what you're doing, set driftRuntimeOptions.dontWarnAboutMultipleDatabases = true
Here is the stacktrace from when the database was opened a second time:
#0      GeneratedDatabase._handleInstantiated (package:drift/src/runtime/api/db_base.dart:96:30)
#1      GeneratedDatabase._whenConstructed (package:drift/src/runtime/api/db_base.dart:73:12)
#2      new GeneratedDatabase (package:drift/src/runtime/api/db_base.dart:64:5)
#3      new _$FhirDb (package:fhir_db/src/fhir_db.g.dart:6605:31)
#4      new FhirDb (package:fhir_db/src/fhir_db.dart)
#5      new FhirDb (package:fhir_r4_db/src/fhir_db.dart:14:21)
#6      new FhirAntDb (package:fhirant_db/db/fhirant_db.dart)
#7      main.<anonymous closure> (file:///home/grey/dev/fhir/fhirant/packages/fhirant_server/test/services/backup_production_store_test.dart:141:19)
<asynchronous suspension>
#8      Declarer.test.<anonymous closure>.<anonymous closure> (package:test_api/src/backend/declarer.dart:253:15)
<asynchronous suspension>
#9      Declarer.test.<anonymous closure> (package:test_api/src/backend/declarer.dart:250:11)
<asynchronous suspension>
#10     Invoker._waitForOutstandingCallbacks.<anonymous closure> (package:test_api/src/backend/invoker.dart:318:9)
<asynchronous suspension>
This warning will only appear on debug builds.
00:05 +4: a backup written before this fix by a store with no legacy setting still restores
00:07 +5: a wrong passphrase is still refused, from a production store
00:08 +6: All tests passed!
