Running build hooks...Running build hooks...00:00 +0: loading test/integration/translate_test.dart
00:00 +0: every target across every matching group is a match
00:00 +0 -1: every target across every matching group is a match [E]
  Expected: an object with length of <3>
    Actual: [
              {
                'name': 'match',
                'part': [
                  {'name': 'equivalence', 'valueCode': 'equivalent'},
                  {
                    'name': 'concept',
                    'valueCoding': {'system': 'http://example.org/cs/b', 'code': 'b1'}
                  }
                ]
              }
            ]
     Which: has length of <1>
  
  package:matcher                             expect
  test/integration/translate_test.dart 119:5  main.<fn>
  
00:00 +0 -1: an unmatched target is a match that does not make result true
00:00 +0 -2: an unmatched target is a match that does not make result true [E]
  Expected: false
    Actual: <true>
  
  package:matcher                             expect
  test/integration/translate_test.dart 151:5  main.<fn>
  
00:00 +0 -2: a code the map does not carry: result false, no match
00:00 +1 -2: Some tests failed.

Failing tests:
  test/integration/translate_test.dart: an unmatched target is a match that does not make result true
  test/integration/translate_test.dart: every target across every matching group is a match

Consider enabling the flag chain-stack-traces to receive more detailed exceptions.
For example, 'dart test --chain-stack-traces'.
