Running build hooks...Running build hooks...00:00 +0: loading test/integration/spec_tag_is_server_owned_test.dart
00:00 +0: PUT with the tag: stored without it, the other tag kept, backed up
00:01 +0 -1: PUT with the tag: stored without it, the other tag kept, backed up [E]
  Expected: false
    Actual: <true>
  
  package:matcher                                            expect
  test/integration/spec_tag_is_server_owned_test.dart 125:5  main.<fn>
  
00:01 +0 -1: POST with the tag: stored without it
00:01 +0 -2: POST with the tag: stored without it [E]
  Expected: false
    Actual: <true>
  
  package:matcher                                            expect
  test/integration/spec_tag_is_server_owned_test.dart 143:5  main.<fn>
  
00:01 +0 -2: $meta-add cannot add it
00:01 +0 -3: $meta-add cannot add it [E]
  Expected: false
    Actual: <true>
  
  package:matcher                                            expect
  test/integration/spec_tag_is_server_owned_test.dart 164:5  main.<fn>
  
00:01 +0 -3: a transaction Bundle cannot add it
00:01 +0 -4: a transaction Bundle cannot add it [E]
  Expected: false
    Actual: <true>
  
  package:matcher                                            expect
  test/integration/spec_tag_is_server_owned_test.dart 183:5  main.<fn>
  
00:01 +0 -4: JSON Patch cannot add it
00:01 +0 -4: PUT with the tag: stored without it, the other tag kept, backed up
Error in saveResources: Bad state: Can't re-open a database after closing it. Please create a new database connection and open that instead.
00:01 +0 -5: JSON Patch cannot add it [E]
  Expected: false
    Actual: <true>
  
  package:matcher                                            expect
  test/integration/spec_tag_is_server_owned_test.dart 197:5  main.<fn>
  
00:01 +0 -5: the specification load writes it, and the backup leaves it out
00:01 +0 -5: POST with the tag: stored without it
Error in saveResources: Bad state: Can't re-open a database after closing it. Please create a new database connection and open that instead.
00:02 +0 -5: the specification load writes it, and the backup leaves it out
WARNING (drift): It looks like you've created the database class FhirAntDb multiple times. When these two databases use the same QueryExecutor, race conditions will occur and might corrupt the database. 
Try to follow the advice at https://drift.simonbinder.eu/faq/#using-the-database or, if you know what you're doing, set driftRuntimeOptions.dontWarnAboutMultipleDatabases = true
Here is the stacktrace from when the database was opened a second time:
#0      GeneratedDatabase._handleInstantiated (package:drift/src/runtime/api/db_base.dart:96:30)
#1      GeneratedDatabase._whenConstructed (package:drift/src/runtime/api/db_base.dart:73:12)
#2      new GeneratedDatabase (package:drift/src/runtime/api/db_base.dart:64:5)
#3      new _$FhirDb (package:fhir_db/src/fhir_db.g.dart:6605:31)
#4      new FhirDb (package:fhir_db/src/fhir_db.dart)
#5      new FhirDb (package:fhir_r4_db/src/fhir_db.dart:14:21)
#6      new FhirAntDb (package:fhirant_db/db/fhirant_db.dart)
#7      createTestServer (file:///home/grey/dev/fhir/fhirant/packages/fhirant_server/test/integration/test_helpers.dart:98:14)
#8      main.patientsInARestoredBackup (file:///home/grey/dev/fhir/fhirant/packages/fhirant_server/test/integration/spec_tag_is_server_owned_test.dart:92:25)
<asynchronous suspension>
#9      main.<anonymous closure> (file:///home/grey/dev/fhir/fhirant/packages/fhirant_server/test/integration/spec_tag_is_server_owned_test.dart:210:12)
<asynchronous suspension>
#10     Declarer.test.<anonymous closure>.<anonymous closure> (package:test_api/src/backend/declarer.dart:253:15)
<asynchronous suspension>
#11     Declarer.test.<anonymous closure> (package:test_api/src/backend/declarer.dart:250:11)
<asynchronous suspension>
#12     Invoker._waitForOutstandingCallbacks.<anonymous closure> (package:test_api/src/backend/invoker.dart:318:9)
<asynchronous suspension>
This warning will only appear on debug builds.
00:02 +0 -5: $meta-add cannot add it
Error in saveResources: Bad state: Can't re-open a database after closing it. Please create a new database connection and open that instead.
00:02 +0 -5: a transaction Bundle cannot add it
Error in saveResources: Bad state: Can't re-open a database after closing it. Please create a new database connection and open that instead.
00:02 +0 -5: JSON Patch cannot add it
Error in saveResources: Bad state: Can't re-open a database after closing it. Please create a new database connection and open that instead.
00:03 +1 -5: a client write over a specification resource makes it the deployment's: the tag goes and the backup holds it
00:03 +1 -6: a client write over a specification resource makes it the deployment's: the tag goes and the backup holds it [E]
  Expected: false
    Actual: <true>
  
  package:matcher                                            expect
  test/integration/spec_tag_is_server_owned_test.dart 226:5  main.<fn>
  
00:03 +1 -6: Some tests failed.

Failing tests:
  test/integration/spec_tag_is_server_owned_test.dart: $meta-add cannot add it
  test/integration/spec_tag_is_server_owned_test.dart: JSON Patch cannot add it
  test/integration/spec_tag_is_server_owned_test.dart: POST with the tag: stored without it
  test/integration/spec_tag_is_server_owned_test.dart: PUT with the tag: stored without it, the other tag kept, backed up
  ... and 2 more

Consider enabling the flag chain-stack-traces to receive more detailed exceptions.
For example, 'dart test --chain-stack-traces'.
