Running build hooks...Running build hooks...00:00 +0: loading tool/review_2026-09-17/probes/store_probe2_test.dart
00:00 +0: Q10 a date indexed in one zone, searched in another
00:00 +1: F1 search answers during a rebuild, store on its own isolate
F1	gender=female count before / during / after a rebuild of 6000 (2496 ms, 65 polls; -1 = SQL error)	6000 / min -1 max 6000, 14 distinct answers / 6000
00:05 +2: WAL what one commit costs under each journal mode, this disk
WAL	journal_mode=delete synchronous=FULL: 200 single saveResource commits	4757 ms total, 23.8 ms each
WAL	journal_mode=wal synchronous=FULL: 200 single saveResource commits	1697 ms total, 8.5 ms each
WAL	journal_mode=wal synchronous=NORMAL: 200 single saveResource commits	108 ms total, 0.5 ms each
00:13 +3: C1 how long a client-supplied program holds the server
C1	$cql Count(expand { Interval[1, 200000] }): status, ms, and when a /health sent at the same moment was answered	200 in 187 ms; /health answered at 18 ms; {"resourceType":"Parameters","parameter":[{"name":"library","valueString":"Instance of 'Cq
C1	$cql Count(expand { Interval[1, 2000000] }): status, ms, and when a /health sent at the same moment was answered	200 in 102 ms; /health answered at 2 ms; {"resourceType":"Parameters","parameter":[{"name":"library","valueString":"Instance of 'Cq
00:14 +4: All tests passed!
Running build hooks...Running build hooks...00:00 +0: loading tool/review_2026-09-17/probes/store_probe2_test.dart
00:00 +0: Q10 a date indexed in one zone, searched in another
Q10	phase=index zone=EDT offset=-4h: Patient?birthdate=1990-01-15	1 match(es)
00:01 +1: F1 search answers during a rebuild, store on its own isolate
00:01 +2: WAL what one commit costs under each journal mode, this disk
00:01 +3: C1 how long a client-supplied program holds the server
00:01 +4: All tests passed!
Running build hooks...Running build hooks...00:00 +0: loading tool/review_2026-09-17/probes/store_probe2_test.dart
00:00 +0: Q10 a date indexed in one zone, searched in another
Q10	phase=search zone=JST offset=9h: Patient?birthdate=1990-01-15	0 match(es)
00:00 +1: F1 search answers during a rebuild, store on its own isolate
00:00 +2: WAL what one commit costs under each journal mode, this disk
00:00 +3: C1 how long a client-supplied program holds the server
00:00 +4: All tests passed!
