Running build hooks...Running build hooks...00:00 +0: loading tool/review_2026-09-17/probes/store_probe_test.dart
00:00 +0: F4 the SQLite build and the connection settings
F4a	compile options that matter	DEFAULT_SYNCHRONOUS=2 DEFAULT_WAL_AUTOCHECKPOINT=1000 DEFAULT_WAL_SYNCHRONOUS=2 TEMP_STORE=2 THREADSAFE=1
F4b	version	3.53.4
F4c	a file store as FhirAntDb opens it	journal_mode=delete synchronous=2 temp_store=0 secure_delete=0 foreign_keys=0 busy_timeout=0
00:01 +1: A21 one password hash, on this desktop
A21	ms per PBKDF2 (120000 iterations), synchronous on the server isolate	337 / 294 / 290
00:02 +2: F1 what a search answers while the index is being rebuilt
F1	gender=female count: before / during (distinct answers, -1 = error) / after	6000 / 6000 / 6000
00:04 +3: FC1 the forecast when the immunization history cannot be read
FC1	every read of Immunization/Condition/AllergyIntolerance throws; a correct server answers 5xx	200, 1 ImmunizationRecommendation(s) returned, 56712 bytes
00:04 +4: D2 restoring a backup over a newer local version
D2	probe could not run	That passphrase does not open this file, or the file is not a FHIRant backup.
00:07 +5: E1 what a finished export leaves on disk
WARNING (drift): It looks like you've created the database class FhirAntDb multiple times. When these two databases use the same QueryExecutor, race conditions will occur and might corrupt the database. 
Try to follow the advice at https://drift.simonbinder.eu/faq/#using-the-database or, if you know what you're doing, set driftRuntimeOptions.dontWarnAboutMultipleDatabases = true
Here is the stacktrace from when the database was opened a second time:
#0      GeneratedDatabase._handleInstantiated (package:drift/src/runtime/api/db_base.dart:96:30)
#1      GeneratedDatabase._whenConstructed (package:drift/src/runtime/api/db_base.dart:73:12)
#2      new GeneratedDatabase (package:drift/src/runtime/api/db_base.dart:64:5)
#3      new _$FhirDb (package:fhir_db/src/fhir_db.g.dart:6605:31)
#4      new FhirDb (package:fhir_db/src/fhir_db.dart)
#5      new FhirDb (package:fhir_r4_db/src/fhir_db.dart:14:21)
#6      new FhirAntDb (package:fhirant_db/db/fhirant_db.dart)
#7      createTestServer (file:///home/grey/dev/fhir/fhirant/packages/fhirant_server/test/integration/test_helpers.dart:98:14)
#8      main.<anonymous closure> (file:///home/grey/dev/fhir/fhirant/packages/fhirant_server/tool/review_2026-09-17/probes/store_probe_test.dart:266:28)
<asynchronous suspension>
#9      Declarer.test.<anonymous closure>.<anonymous closure> (package:test_api/src/backend/declarer.dart:253:15)
<asynchronous suspension>
#10     Declarer.test.<anonymous closure> (package:test_api/src/backend/declarer.dart:250:11)
<asynchronous suspension>
#11     Invoker._waitForOutstandingCallbacks.<anonymous closure> (package:test_api/src/backend/invoker.dart:318:9)
<asynchronous suspension>
This warning will only appear on debug builds.
E1	kick-off 202; files under the export dir	Patient.ndjson plaintext=true
00:09 +6: All tests passed!
