load MimicOrganization.ndjson: 1 in 1.49s (1/s)
file MimicOrganization.ndjson: 1 in 1.64s (1/s)
load MimicLocation.ndjson: 31 in 0.11s (284/s)
file MimicLocation.ndjson: 31 in 0.13s (238/s)
load MimicPatient.ndjson: 100 in 0.27s (368/s)
file MimicPatient.ndjson: 100 in 0.40s (248/s)
load MimicEncounterICU.ndjson: 140 in 0.26s (536/s)
file MimicEncounterICU.ndjson: 140 in 0.33s (428/s)
load MimicMedicationMix.ndjson: 314 in 0.40s (777/s)
file MimicMedicationMix.ndjson: 314 in 0.61s (516/s)
load MimicEncounterED.ndjson: 222 in 0.31s (712/s)
file MimicEncounterED.ndjson: 222 in 0.38s (590/s)
load MimicObservationMicroOrg.ndjson: 338 in 0.46s (741/s)
file MimicObservationMicroOrg.ndjson: 338 in 0.51s (658/s)
load MimicConditionED.ndjson: 500 in 0.27s (1852/s)
load MimicConditionED.ndjson: 45 in 0.07s (682/s)
file MimicConditionED.ndjson: 545 in 0.38s (1438/s)
load MimicProcedure.ndjson: 500 in 0.27s (1880/s)
load MimicProcedure.ndjson: 222 in 0.11s (1947/s)
file MimicProcedure.ndjson: 722 in 0.42s (1711/s)
load MimicEncounter.ndjson: 275 in 0.40s (694/s)
file MimicEncounter.ndjson: 275 in 0.44s (631/s)
load MimicMedicationDispenseED.ndjson: 500 in 0.40s (1241/s)
load MimicMedicationDispenseED.ndjson: 500 in 0.32s (1572/s)
load MimicMedicationDispenseED.ndjson: 82 in 0.09s (872/s)
file MimicMedicationDispenseED.ndjson: 1082 in 0.90s (1205/s)
load MimicProcedureED.ndjson: 500 in 0.34s (1458/s)
load MimicProcedureED.ndjson: 500 in 0.27s (1825/s)
load MimicProcedureED.ndjson: 230 in 0.17s (1361/s)
file MimicProcedureED.ndjson: 1230 in 0.87s (1409/s)
total-load all files: 5000 in 7.01s (713/s)
count-refresh 9 types: 5000 in 0.03s (178571/s)
search Observation?status=final (page of 20): 20 in 0.14s (145/s)
database size: 21.3 MB
